Component: ARM Compiler 5.06 update 4 (build 422) Tool: armlink [4d35d2]

==============================================================================

Section Cross References

    main.o(i.SystemClock_Config) refers to stm32l4xx_hal_rcc.o(i.HAL_RCC_OscConfig) for HAL_RCC_OscConfig
    main.o(i.SystemClock_Config) refers to stm32l4xx_hal_rcc.o(i.HAL_RCC_ClockConfig) for HAL_RCC_ClockConfig
    main.o(i.main) refers to stm32l4xx_hal.o(i.HAL_Init) for HAL_Init
    main.o(i.main) refers to main.o(i.SystemClock_Config) for SystemClock_Config
    stm32l4xx_it.o(i.SysTick_Handler) refers to stm32l4xx_hal.o(i.HAL_IncTick) for HAL_IncTick
    system_stm32l4xx.o(i.SystemCoreClockUpdate) refers to system_stm32l4xx.o(.constdata) for MSIRangeTable
    system_stm32l4xx.o(i.SystemCoreClockUpdate) refers to system_stm32l4xx.o(.data) for SystemCoreClock
    startup_stm32l431xx.o(STACK) refers (Special) to heapauxi.o(.text) for __use_two_region_memory
    startup_stm32l431xx.o(HEAP) refers (Special) to heapauxi.o(.text) for __use_two_region_memory
    startup_stm32l431xx.o(RESET) refers (Special) to heapauxi.o(.text) for __use_two_region_memory
    startup_stm32l431xx.o(RESET) refers to startup_stm32l431xx.o(STACK) for __initial_sp
    startup_stm32l431xx.o(RESET) refers to startup_stm32l431xx.o(.text) for Reset_Handler
    startup_stm32l431xx.o(RESET) refers to stm32l4xx_it.o(i.NMI_Handler) for NMI_Handler
    startup_stm32l431xx.o(RESET) refers to stm32l4xx_it.o(i.HardFault_Handler) for HardFault_Handler
    startup_stm32l431xx.o(RESET) refers to stm32l4xx_it.o(i.MemManage_Handler) for MemManage_Handler
    startup_stm32l431xx.o(RESET) refers to stm32l4xx_it.o(i.BusFault_Handler) for BusFault_Handler
    startup_stm32l431xx.o(RESET) refers to stm32l4xx_it.o(i.UsageFault_Handler) for UsageFault_Handler
    startup_stm32l431xx.o(RESET) refers to stm32l4xx_it.o(i.SVC_Handler) for SVC_Handler
    startup_stm32l431xx.o(RESET) refers to stm32l4xx_it.o(i.DebugMon_Handler) for DebugMon_Handler
    startup_stm32l431xx.o(RESET) refers to stm32l4xx_it.o(i.PendSV_Handler) for PendSV_Handler
    startup_stm32l431xx.o(RESET) refers to stm32l4xx_it.o(i.SysTick_Handler) for SysTick_Handler
    startup_stm32l431xx.o(RESET) refers to stm32l4xx_hal_timebase_tim_template.o(i.TIM6_DAC_IRQHandler) for TIM6_DAC_IRQHandler
    startup_stm32l431xx.o(.text) refers (Special) to heapauxi.o(.text) for __use_two_region_memory
    startup_stm32l431xx.o(.text) refers to system_stm32l4xx.o(i.SystemInit) for SystemInit
    startup_stm32l431xx.o(.text) refers to __main.o(!!!main) for __main
    startup_stm32l431xx.o(.text) refers to startup_stm32l431xx.o(HEAP) for Heap_Mem
    startup_stm32l431xx.o(.text) refers to startup_stm32l431xx.o(STACK) for Stack_Mem
    stm32l4xx_hal.o(i.HAL_DeInit) refers to stm32l4xx_hal_msp.o(i.HAL_MspDeInit) for HAL_MspDeInit
    stm32l4xx_hal.o(i.HAL_Delay) refers to stm32l4xx_hal.o(i.HAL_GetTick) for HAL_GetTick
    stm32l4xx_hal.o(i.HAL_GetTick) refers to stm32l4xx_hal.o(.data) for uwTick
    stm32l4xx_hal.o(i.HAL_IncTick) refers to stm32l4xx_hal.o(.data) for uwTick
    stm32l4xx_hal.o(i.HAL_Init) refers to stm32l4xx_hal_cortex.o(i.HAL_NVIC_SetPriorityGrouping) for HAL_NVIC_SetPriorityGrouping
    stm32l4xx_hal.o(i.HAL_Init) refers to stm32l4xx_hal_timebase_tim_template.o(i.HAL_InitTick) for HAL_InitTick
    stm32l4xx_hal.o(i.HAL_Init) refers to stm32l4xx_hal_msp.o(i.HAL_MspInit) for HAL_MspInit
    stm32l4xx_hal.o(i.HAL_InitTick) refers to stm32l4xx_hal_cortex.o(i.HAL_SYSTICK_Config) for HAL_SYSTICK_Config
    stm32l4xx_hal.o(i.HAL_InitTick) refers to stm32l4xx_hal_cortex.o(i.HAL_NVIC_SetPriority) for HAL_NVIC_SetPriority
    stm32l4xx_hal.o(i.HAL_InitTick) refers to system_stm32l4xx.o(.data) for SystemCoreClock
    stm32l4xx_hal.o(i.HAL_SYSCFG_EnableVREFBUF) refers to stm32l4xx_hal.o(i.HAL_GetTick) for HAL_GetTick
    stm32l4xx_hal_adc.o(i.ADC_ConversionStop) refers to stm32l4xx_hal_adc.o(i.LL_ADC_REG_IsConversionOngoing) for LL_ADC_REG_IsConversionOngoing
    stm32l4xx_hal_adc.o(i.ADC_ConversionStop) refers to stm32l4xx_hal_adc.o(i.LL_ADC_INJ_IsConversionOngoing) for LL_ADC_INJ_IsConversionOngoing
    stm32l4xx_hal_adc.o(i.ADC_ConversionStop) refers to stm32l4xx_hal_adc.o(i.LL_ADC_IsDisableOngoing) for LL_ADC_IsDisableOngoing
    stm32l4xx_hal_adc.o(i.ADC_ConversionStop) refers to stm32l4xx_hal.o(i.HAL_GetTick) for HAL_GetTick
    stm32l4xx_hal_adc.o(i.ADC_DMAConvCplt) refers to stm32l4xx_hal_adc.o(i.LL_ADC_REG_IsTriggerSourceSWStart) for LL_ADC_REG_IsTriggerSourceSWStart
    stm32l4xx_hal_adc.o(i.ADC_DMAConvCplt) refers to stm32l4xx_hal_adc.o(i.HAL_ADC_ConvCpltCallback) for HAL_ADC_ConvCpltCallback
    stm32l4xx_hal_adc.o(i.ADC_DMAConvCplt) refers to stm32l4xx_hal_adc.o(i.HAL_ADC_ErrorCallback) for HAL_ADC_ErrorCallback
    stm32l4xx_hal_adc.o(i.ADC_DMAError) refers to stm32l4xx_hal_adc.o(i.HAL_ADC_ErrorCallback) for HAL_ADC_ErrorCallback
[...]
    Removing stm32l4xx_hal_tim.o(i.TIM_OC3_SetConfig), (144 bytes).
    Removing stm32l4xx_hal_tim.o(i.TIM_OC4_SetConfig), (96 bytes).
    Removing stm32l4xx_hal_tim.o(i.TIM_OC5_SetConfig), (92 bytes).
    Removing stm32l4xx_hal_tim.o(i.TIM_OC6_SetConfig), (92 bytes).
    Removing stm32l4xx_hal_tim.o(i.TIM_SlaveTimer_SetConfig), (164 bytes).
    Removing stm32l4xx_hal_tim.o(i.TIM_TI1_ConfigInputStage), (38 bytes).
    Removing stm32l4xx_hal_tim.o(i.TIM_TI1_SetConfig), (92 bytes).
    Removing stm32l4xx_hal_tim.o(i.TIM_TI2_ConfigInputStage), (40 bytes).
    Removing stm32l4xx_hal_tim.o(i.TIM_TI2_SetConfig), (58 bytes).
    Removing stm32l4xx_hal_tim.o(i.TIM_TI3_SetConfig), (56 bytes).
    Removing stm32l4xx_hal_tim.o(i.TIM_TI4_SetConfig), (60 bytes).
    Removing stm32l4xx_hal_tim_ex.o(.rev16_text), (4 bytes).
    Removing stm32l4xx_hal_tim_ex.o(.revsh_text), (4 bytes).
    Removing stm32l4xx_hal_tim_ex.o(.rrx_text), (6 bytes).
    Removing stm32l4xx_hal_tim_ex.o(i.HAL_TIMEx_ConfigBreakDeadTime), (168 bytes).
    Removing stm32l4xx_hal_tim_ex.o(i.HAL_TIMEx_ConfigBreakInput), (184 bytes).
    Removing stm32l4xx_hal_tim_ex.o(i.HAL_TIMEx_ConfigCommutationEvent), (110 bytes).
    Removing stm32l4xx_hal_tim_ex.o(i.HAL_TIMEx_ConfigCommutationEvent_DMA), (144 bytes).
    Removing stm32l4xx_hal_tim_ex.o(i.HAL_TIMEx_ConfigCommutationEvent_IT), (122 bytes).
    Removing stm32l4xx_hal_tim_ex.o(i.HAL_TIMEx_GroupChannel5), (72 bytes).
    Removing stm32l4xx_hal_tim_ex.o(i.HAL_TIMEx_HallSensor_DeInit), (70 bytes).
    Removing stm32l4xx_hal_tim_ex.o(i.HAL_TIMEx_HallSensor_GetState), (8 bytes).
    Removing stm32l4xx_hal_tim_ex.o(i.HAL_TIMEx_HallSensor_Init), (212 bytes).
    Removing stm32l4xx_hal_tim_ex.o(i.HAL_TIMEx_HallSensor_MspDeInit), (2 bytes).
    Removing stm32l4xx_hal_tim_ex.o(i.HAL_TIMEx_HallSensor_MspInit), (2 bytes).
    Removing stm32l4xx_hal_tim_ex.o(i.HAL_TIMEx_HallSensor_Start), (68 bytes).
    Removing stm32l4xx_hal_tim_ex.o(i.HAL_TIMEx_HallSensor_Start_DMA), (156 bytes).
    Removing stm32l4xx_hal_tim_ex.o(i.HAL_TIMEx_HallSensor_Start_IT), (80 bytes).
    Removing stm32l4xx_hal_tim_ex.o(i.HAL_TIMEx_HallSensor_Stop), (56 bytes).
    Removing stm32l4xx_hal_tim_ex.o(i.HAL_TIMEx_HallSensor_Stop_DMA), (68 bytes).
    Removing stm32l4xx_hal_tim_ex.o(i.HAL_TIMEx_HallSensor_Stop_IT), (68 bytes).
    Removing stm32l4xx_hal_tim_ex.o(i.HAL_TIMEx_MasterConfigSynchronization), (108 bytes).
    Removing stm32l4xx_hal_tim_ex.o(i.HAL_TIMEx_OCN_Start), (80 bytes).
    Removing stm32l4xx_hal_tim_ex.o(i.HAL_TIMEx_OCN_Start_DMA), (288 bytes).
    Removing stm32l4xx_hal_tim_ex.o(i.HAL_TIMEx_OCN_Start_IT), (152 bytes).
    Removing stm32l4xx_hal_tim_ex.o(i.HAL_TIMEx_OCN_Stop), (96 bytes).
    Removing stm32l4xx_hal_tim_ex.o(i.HAL_TIMEx_OCN_Stop_DMA), (160 bytes).
    Removing stm32l4xx_hal_tim_ex.o(i.HAL_TIMEx_OCN_Stop_IT), (178 bytes).
    Removing stm32l4xx_hal_tim_ex.o(i.HAL_TIMEx_OnePulseN_Start), (32 bytes).
    Removing stm32l4xx_hal_tim_ex.o(i.HAL_TIMEx_OnePulseN_Start_IT), (56 bytes).
    Removing stm32l4xx_hal_tim_ex.o(i.HAL_TIMEx_OnePulseN_Stop), (96 bytes).
    Removing stm32l4xx_hal_tim_ex.o(i.HAL_TIMEx_OnePulseN_Stop_IT), (120 bytes).
    Removing stm32l4xx_hal_tim_ex.o(i.HAL_TIMEx_PWMN_Start), (80 bytes).
    Removing stm32l4xx_hal_tim_ex.o(i.HAL_TIMEx_PWMN_Start_DMA), (288 bytes).
    Removing stm32l4xx_hal_tim_ex.o(i.HAL_TIMEx_PWMN_Start_IT), (152 bytes).
    Removing stm32l4xx_hal_tim_ex.o(i.HAL_TIMEx_PWMN_Stop), (96 bytes).
    Removing stm32l4xx_hal_tim_ex.o(i.HAL_TIMEx_PWMN_Stop_DMA), (160 bytes).
    Removing stm32l4xx_hal_tim_ex.o(i.HAL_TIMEx_PWMN_Stop_IT), (178 bytes).
    Removing stm32l4xx_hal_tim_ex.o(i.HAL_TIMEx_RemapConfig), (92 bytes).
    Removing stm32l4xx_hal_tim_ex.o(i.TIMEx_DMACommutationCplt), (20 bytes).
    Removing stm32l4xx_hal_tim_ex.o(i.TIM_CCxNChannelCmd), (34 bytes).
    Removing stm32l4xx_hal_timebase_tim_template.o(.rev16_text), (4 bytes).
    Removing stm32l4xx_hal_timebase_tim_template.o(.revsh_text), (4 bytes).
    Removing stm32l4xx_hal_timebase_tim_template.o(.rrx_text), (6 bytes).
    Removing stm32l4xx_hal_timebase_tim_template.o(i.HAL_ResumeTick), (24 bytes).
    Removing stm32l4xx_hal_timebase_tim_template.o(i.HAL_SuspendTick), (24 bytes).
    Removing stm32l4xx_hal_tsc.o(.rev16_text), (4 bytes).
    Removing stm32l4xx_hal_tsc.o(.revsh_text), (4 bytes).
    Removing stm32l4xx_hal_tsc.o(.rrx_text), (6 bytes).
    Removing stm32l4xx_hal_tsc.o(i.HAL_TSC_ConvCpltCallback), (2 bytes).
    Removing stm32l4xx_hal_tsc.o(i.HAL_TSC_DeInit), (40 bytes).
    Removing stm32l4xx_hal_tsc.o(i.HAL_TSC_ErrorCallback), (2 bytes).
    Removing stm32l4xx_hal_tsc.o(i.HAL_TSC_GetState), (50 bytes).
    Removing stm32l4xx_hal_tsc.o(i.HAL_TSC_GroupGetStatus), (42 bytes).
    Removing stm32l4xx_hal_tsc.o(i.HAL_TSC_GroupGetValue), (12 bytes).
    Removing stm32l4xx_hal_tsc.o(i.HAL_TSC_IOConfig), (96 bytes).
    Removing stm32l4xx_hal_tsc.o(i.HAL_TSC_IODischarge), (70 bytes).
    Removing stm32l4xx_hal_tsc.o(i.HAL_TSC_IRQHandler), (64 bytes).
    Removing stm32l4xx_hal_tsc.o(i.HAL_TSC_Init), (170 bytes).
    Removing stm32l4xx_hal_tsc.o(i.HAL_TSC_MspDeInit), (2 bytes).
    Removing stm32l4xx_hal_tsc.o(i.HAL_TSC_MspInit), (2 bytes).
    Removing stm32l4xx_hal_tsc.o(i.HAL_TSC_PollForAcquisition), (52 bytes).
    Removing stm32l4xx_hal_tsc.o(i.HAL_TSC_Start), (104 bytes).
    Removing stm32l4xx_hal_tsc.o(i.HAL_TSC_Start_IT), (138 bytes).
    Removing stm32l4xx_hal_tsc.o(i.HAL_TSC_Stop), (74 bytes).
    Removing stm32l4xx_hal_tsc.o(i.HAL_TSC_Stop_IT), (86 bytes).
    Removing stm32l4xx_hal_tsc.o(i.TSC_extract_groups), (34 bytes).
    Removing stm32l4xx_hal_uart.o(.rev16_text), (4 bytes).
    Removing stm32l4xx_hal_uart.o(.revsh_text), (4 bytes).
    Removing stm32l4xx_hal_uart.o(.rrx_text), (6 bytes).
    Removing stm32l4xx_hal_uart.o(i.HAL_HalfDuplex_EnableReceiver), (74 bytes).
    Removing stm32l4xx_hal_uart.o(i.HAL_HalfDuplex_EnableTransmitter), (74 bytes).
    Removing stm32l4xx_hal_uart.o(i.HAL_HalfDuplex_Init), (124 bytes).
    Removing stm32l4xx_hal_uart.o(i.HAL_LIN_Init), (160 bytes).
    Removing stm32l4xx_hal_uart.o(i.HAL_LIN_SendBreak), (62 bytes).
    Removing stm32l4xx_hal_uart.o(i.HAL_MultiProcessor_DisableMuteMode), (58 bytes).
    Removing stm32l4xx_hal_uart.o(i.HAL_MultiProcessor_EnableMuteMode), (58 bytes).
    Removing stm32l4xx_hal_uart.o(i.HAL_MultiProcessor_EnterMuteMode), (14 bytes).
    Removing stm32l4xx_hal_uart.o(i.HAL_MultiProcessor_Init), (148 bytes).
    Removing stm32l4xx_hal_uart.o(i.HAL_UART_Abort), (152 bytes).
    Removing stm32l4xx_hal_uart.o(i.HAL_UART_AbortCpltCallback), (2 bytes).
    Removing stm32l4xx_hal_uart.o(i.HAL_UART_AbortReceive), (102 bytes).
    Removing stm32l4xx_hal_uart.o(i.HAL_UART_AbortReceiveCpltCallback), (2 bytes).
    Removing stm32l4xx_hal_uart.o(i.HAL_UART_AbortReceive_IT), (152 bytes).
    Removing stm32l4xx_hal_uart.o(i.HAL_UART_AbortTransmit), (72 bytes).
    Removing stm32l4xx_hal_uart.o(i.HAL_UART_AbortTransmitCpltCallback), (2 bytes).
    Removing stm32l4xx_hal_uart.o(i.HAL_UART_AbortTransmit_IT), (116 bytes).
    Removing stm32l4xx_hal_uart.o(i.HAL_UART_Abort_IT), (252 bytes).
    Removing stm32l4xx_hal_uart.o(i.HAL_UART_DMAPause), (126 bytes).
    Removing stm32l4xx_hal_uart.o(i.HAL_UART_DMAResume), (108 bytes).
    Removing stm32l4xx_hal_uart.o(i.HAL_UART_DMAStop), (104 bytes).
    Removing stm32l4xx_hal_uart.o(i.HAL_UART_DeInit), (72 bytes).
    Removing stm32l4xx_hal_uart.o(i.HAL_UART_ErrorCallback), (2 bytes).
    Removing stm32l4xx_hal_uart.o(i.HAL_UART_GetError), (6 bytes).
    Removing stm32l4xx_hal_uart.o(i.HAL_UART_GetState), (20 bytes).
    Removing stm32l4xx_hal_uart.o(i.HAL_UART_IRQHandler), (396 bytes).
    Removing stm32l4xx_hal_uart.o(i.HAL_UART_Init), (120 bytes).
    Removing stm32l4xx_hal_uart.o(i.HAL_UART_MspDeInit), (2 bytes).
    Removing stm32l4xx_hal_uart.o(i.HAL_UART_MspInit), (2 bytes).
    Removing stm32l4xx_hal_uart.o(i.HAL_UART_Receive), (278 bytes).
    Removing stm32l4xx_hal_uart.o(i.HAL_UART_Receive_DMA), (168 bytes).
    Removing stm32l4xx_hal_uart.o(i.HAL_UART_Receive_IT), (224 bytes).
    Removing stm32l4xx_hal_uart.o(i.HAL_UART_RxCpltCallback), (2 bytes).
    Removing stm32l4xx_hal_uart.o(i.HAL_UART_RxHalfCpltCallback), (2 bytes).
    Removing stm32l4xx_hal_uart.o(i.HAL_UART_Transmit), (200 bytes).
    Removing stm32l4xx_hal_uart.o(i.HAL_UART_Transmit_DMA), (156 bytes).
    Removing stm32l4xx_hal_uart.o(i.HAL_UART_Transmit_IT), (124 bytes).
    Removing stm32l4xx_hal_uart.o(i.HAL_UART_TxCpltCallback), (2 bytes).
    Removing stm32l4xx_hal_uart.o(i.HAL_UART_TxHalfCpltCallback), (2 bytes).
    Removing stm32l4xx_hal_uart.o(i.UART_AdvFeatureConfig), (248 bytes).
    Removing stm32l4xx_hal_uart.o(i.UART_CheckIdleState), (116 bytes).
    Removing stm32l4xx_hal_uart.o(i.UART_DMAAbortOnError), (24 bytes).
    Removing stm32l4xx_hal_uart.o(i.UART_DMAError), (86 bytes).
    Removing stm32l4xx_hal_uart.o(i.UART_DMAReceiveCplt), (72 bytes).
    Removing stm32l4xx_hal_uart.o(i.UART_DMARxAbortCallback), (74 bytes).
    Removing stm32l4xx_hal_uart.o(i.UART_DMARxHalfCplt), (14 bytes).
    Removing stm32l4xx_hal_uart.o(i.UART_DMARxOnlyAbortCallback), (44 bytes).
    Removing stm32l4xx_hal_uart.o(i.UART_DMATransmitCplt), (56 bytes).
    Removing stm32l4xx_hal_uart.o(i.UART_DMATxAbortCallback), (62 bytes).
    Removing stm32l4xx_hal_uart.o(i.UART_DMATxHalfCplt), (14 bytes).
    Removing stm32l4xx_hal_uart.o(i.UART_DMATxOnlyAbortCallback), (26 bytes).
    Removing stm32l4xx_hal_uart.o(i.UART_EndRxTransfer), (36 bytes).
    Removing stm32l4xx_hal_uart.o(i.UART_EndTransmit_IT), (34 bytes).
    Removing stm32l4xx_hal_uart.o(i.UART_EndTxTransfer), (20 bytes).
    Removing stm32l4xx_hal_uart.o(i.UART_RxISR_16BIT), (108 bytes).
    Removing stm32l4xx_hal_uart.o(i.UART_RxISR_8BIT), (102 bytes).
    Removing stm32l4xx_hal_uart.o(i.UART_SetConfig), (1042 bytes).
    Removing stm32l4xx_hal_uart.o(i.UART_TxISR_16BIT), (70 bytes).
    Removing stm32l4xx_hal_uart.o(i.UART_TxISR_8BIT), (64 bytes).
    Removing stm32l4xx_hal_uart.o(i.UART_WaitOnFlagUntilTimeout), (108 bytes).
    Removing stm32l4xx_hal_uart_ex.o(.rev16_text), (4 bytes).
    Removing stm32l4xx_hal_uart_ex.o(.revsh_text), (4 bytes).
    Removing stm32l4xx_hal_uart_ex.o(.rrx_text), (6 bytes).
    Removing stm32l4xx_hal_uart_ex.o(i.HAL_MultiProcessorEx_AddressLength_Set), (64 bytes).
    Removing stm32l4xx_hal_uart_ex.o(i.HAL_RS485Ex_Init), (156 bytes).
    Removing stm32l4xx_hal_uart_ex.o(i.HAL_UARTEx_DisableClockStopMode), (50 bytes).
    Removing stm32l4xx_hal_uart_ex.o(i.HAL_UARTEx_DisableStopMode), (50 bytes).
    Removing stm32l4xx_hal_uart_ex.o(i.HAL_UARTEx_EnableClockStopMode), (50 bytes).
    Removing stm32l4xx_hal_uart_ex.o(i.HAL_UARTEx_EnableStopMode), (50 bytes).
    Removing stm32l4xx_hal_uart_ex.o(i.HAL_UARTEx_StopModeWakeUpSourceConfig), (146 bytes).
    Removing stm32l4xx_hal_uart_ex.o(i.HAL_UARTEx_WakeupCallback), (2 bytes).
    Removing stm32l4xx_hal_uart_ex.o(i.UARTEx_Wakeup_AddressConfig), (38 bytes).
    Removing stm32l4xx_hal_usart.o(.rev16_text), (4 bytes).
    Removing stm32l4xx_hal_usart.o(.revsh_text), (4 bytes).
    Removing stm32l4xx_hal_usart.o(.rrx_text), (6 bytes).
    Removing stm32l4xx_hal_usart.o(i.HAL_USART_Abort), (206 bytes).
    Removing stm32l4xx_hal_usart.o(i.HAL_USART_AbortCpltCallback), (2 bytes).
    Removing stm32l4xx_hal_usart.o(i.HAL_USART_Abort_IT), (240 bytes).
    Removing stm32l4xx_hal_usart.o(i.HAL_USART_DMAPause), (152 bytes).
    Removing stm32l4xx_hal_usart.o(i.HAL_USART_DMAResume), (122 bytes).
    Removing stm32l4xx_hal_usart.o(i.HAL_USART_DMAStop), (124 bytes).
    Removing stm32l4xx_hal_usart.o(i.HAL_USART_DeInit), (56 bytes).
    Removing stm32l4xx_hal_usart.o(i.HAL_USART_ErrorCallback), (2 bytes).
    Removing stm32l4xx_hal_usart.o(i.HAL_USART_GetError), (6 bytes).
    Removing stm32l4xx_hal_usart.o(i.HAL_USART_GetState), (8 bytes).
    Removing stm32l4xx_hal_usart.o(i.HAL_USART_IRQHandler), (392 bytes).
    Removing stm32l4xx_hal_usart.o(i.HAL_USART_Init), (102 bytes).
    Removing stm32l4xx_hal_usart.o(i.HAL_USART_MspDeInit), (2 bytes).
    Removing stm32l4xx_hal_usart.o(i.HAL_USART_MspInit), (2 bytes).
    Removing stm32l4xx_hal_usart.o(i.HAL_USART_Receive), (306 bytes).
    Removing stm32l4xx_hal_usart.o(i.HAL_USART_Receive_DMA), (264 bytes).
    Removing stm32l4xx_hal_usart.o(i.HAL_USART_Receive_IT), (220 bytes).
    Removing stm32l4xx_hal_usart.o(i.HAL_USART_RxCpltCallback), (2 bytes).
    Removing stm32l4xx_hal_usart.o(i.HAL_USART_RxHalfCpltCallback), (2 bytes).
    Removing stm32l4xx_hal_usart.o(i.HAL_USART_Transmit), (246 bytes).
    Removing stm32l4xx_hal_usart.o(i.HAL_USART_TransmitReceive), (452 bytes).
    Removing stm32l4xx_hal_usart.o(i.HAL_USART_TransmitReceive_DMA), (296 bytes).
    Removing stm32l4xx_hal_usart.o(i.HAL_USART_TransmitReceive_IT), (244 bytes).
    Removing stm32l4xx_hal_usart.o(i.HAL_USART_Transmit_DMA), (180 bytes).
    Removing stm32l4xx_hal_usart.o(i.HAL_USART_Transmit_IT), (120 bytes).
    Removing stm32l4xx_hal_usart.o(i.HAL_USART_TxCpltCallback), (2 bytes).
    Removing stm32l4xx_hal_usart.o(i.HAL_USART_TxHalfCpltCallback), (2 bytes).
    Removing stm32l4xx_hal_usart.o(i.HAL_USART_TxRxCpltCallback), (2 bytes).
    Removing stm32l4xx_hal_usart.o(i.USART_CheckIdleState), (110 bytes).
    Removing stm32l4xx_hal_usart.o(i.USART_DMAAbortOnError), (20 bytes).
    Removing stm32l4xx_hal_usart.o(i.USART_DMAError), (40 bytes).
    Removing stm32l4xx_hal_usart.o(i.USART_DMAReceiveCplt), (122 bytes).
    Removing stm32l4xx_hal_usart.o(i.USART_DMARxAbortCallback), (54 bytes).
    Removing stm32l4xx_hal_usart.o(i.USART_DMARxHalfCplt), (14 bytes).
    Removing stm32l4xx_hal_usart.o(i.USART_DMATransmitCplt), (70 bytes).
    Removing stm32l4xx_hal_usart.o(i.USART_DMATxAbortCallback), (54 bytes).
    Removing stm32l4xx_hal_usart.o(i.USART_DMATxHalfCplt), (14 bytes).
    Removing stm32l4xx_hal_usart.o(i.USART_EndTransfer), (32 bytes).
    Removing stm32l4xx_hal_usart.o(i.USART_EndTransmit_IT), (90 bytes).
    Removing stm32l4xx_hal_usart.o(i.USART_RxISR_16BIT), (140 bytes).
    Removing stm32l4xx_hal_usart.o(i.USART_RxISR_8BIT), (138 bytes).
    Removing stm32l4xx_hal_usart.o(i.USART_SetConfig), (432 bytes).
    Removing stm32l4xx_hal_usart.o(i.USART_TxISR_16BIT), (70 bytes).
    Removing stm32l4xx_hal_usart.o(i.USART_TxISR_8BIT), (64 bytes).
    Removing stm32l4xx_hal_usart.o(i.USART_WaitOnFlagUntilTimeout), (80 bytes).
    Removing stm32l4xx_hal_usart_ex.o(.rev16_text), (4 bytes).
    Removing stm32l4xx_hal_usart_ex.o(.revsh_text), (4 bytes).
    Removing stm32l4xx_hal_usart_ex.o(.rrx_text), (6 bytes).
    Removing stm32l4xx_hal_wwdg.o(.rev16_text), (4 bytes).
    Removing stm32l4xx_hal_wwdg.o(.revsh_text), (4 bytes).
    Removing stm32l4xx_hal_wwdg.o(.rrx_text), (6 bytes).
    Removing stm32l4xx_hal_wwdg.o(i.HAL_WWDG_EarlyWakeupCallback), (2 bytes).
    Removing stm32l4xx_hal_wwdg.o(i.HAL_WWDG_IRQHandler), (40 bytes).
    Removing stm32l4xx_hal_wwdg.o(i.HAL_WWDG_Init), (44 bytes).
    Removing stm32l4xx_hal_wwdg.o(i.HAL_WWDG_MspInit), (2 bytes).
    Removing stm32l4xx_hal_wwdg.o(i.HAL_WWDG_Refresh), (12 bytes).
    Removing stm32l4xx_ll_fmc.o(.rev16_text), (4 bytes).
    Removing stm32l4xx_ll_fmc.o(.revsh_text), (4 bytes).
    Removing stm32l4xx_ll_fmc.o(.rrx_text), (6 bytes).
    Removing stm32l4xx_ll_sdmmc.o(.rev16_text), (4 bytes).
    Removing stm32l4xx_ll_sdmmc.o(.revsh_text), (4 bytes).
    Removing stm32l4xx_ll_sdmmc.o(.rrx_text), (6 bytes).
    Removing stm32l4xx_ll_usb.o(.rev16_text), (4 bytes).
    Removing stm32l4xx_ll_usb.o(.revsh_text), (4 bytes).
    Removing stm32l4xx_ll_usb.o(.rrx_text), (6 bytes).
    Removing stm32l4xx_ll_utils.o(.rev16_text), (4 bytes).
    Removing stm32l4xx_ll_utils.o(.revsh_text), (4 bytes).
    Removing stm32l4xx_ll_utils.o(.rrx_text), (6 bytes).
    Removing stm32l4xx_ll_utils.o(i.LL_Init1msTick), (28 bytes).
    Removing stm32l4xx_ll_utils.o(i.LL_PLL_ConfigSystemClock_HSE), (140 bytes).
    Removing stm32l4xx_ll_utils.o(i.LL_PLL_ConfigSystemClock_HSI), (100 bytes).
    Removing stm32l4xx_ll_utils.o(i.LL_PLL_ConfigSystemClock_MSI), (256 bytes).
    Removing stm32l4xx_ll_utils.o(i.LL_RCC_HSE_IsReady), (16 bytes).
    Removing stm32l4xx_ll_utils.o(i.LL_RCC_HSI_IsReady), (16 bytes).
    Removing stm32l4xx_ll_utils.o(i.LL_RCC_MSI_IsEnabledRangeSelect), (16 bytes).
    Removing stm32l4xx_ll_utils.o(i.LL_RCC_MSI_IsReady), (16 bytes).
    Removing stm32l4xx_ll_utils.o(i.LL_RCC_PLL_ConfigDomain_SYS), (36 bytes).
    Removing stm32l4xx_ll_utils.o(i.LL_RCC_PLL_IsReady), (16 bytes).
    Removing stm32l4xx_ll_utils.o(i.LL_SetSystemCoreClock), (12 bytes).
    Removing stm32l4xx_ll_utils.o(i.LL_mDelay), (44 bytes).
    Removing stm32l4xx_ll_utils.o(i.UTILS_EnablePLLAndSwitchSystem), (216 bytes).
    Removing stm32l4xx_ll_utils.o(i.UTILS_GetPLLOutputFrequency), (38 bytes).
    Removing stm32l4xx_ll_utils.o(i.UTILS_PLL_IsBusy), (36 bytes).
    Removing stm32l4xx_ll_utils.o(i.UTILS_SetFlashLatency), (172 bytes).

1400 unused section(s) (total 121882 bytes) removed from the image.

==============================================================================

Image Symbol Table

    Local Symbols

    Symbol Name                              Value     Ov Type        Size  Object(Section)

    ../clib/angel/boardlib.s                 0x00000000   Number         0  boardinit2.o ABSOLUTE
    ../clib/angel/boardlib.s                 0x00000000   Number         0  boardshut.o ABSOLUTE
    ../clib/angel/boardlib.s                 0x00000000   Number         0  boardinit3.o ABSOLUTE
    ../clib/angel/boardlib.s                 0x00000000   Number         0  boardinit1.o ABSOLUTE
    ../clib/angel/handlers.s                 0x00000000   Number         0  __scatter_zi.o ABSOLUTE
    ../clib/angel/handlers.s                 0x00000000   Number         0  __scatter_copy.o ABSOLUTE
    ../clib/angel/kernel.s                   0x00000000   Number         0  __rtentry4.o ABSOLUTE
    ../clib/angel/kernel.s                   0x00000000   Number         0  rtexit.o ABSOLUTE
    ../clib/angel/kernel.s                   0x00000000   Number         0  rtexit2.o ABSOLUTE
    ../clib/angel/kernel.s                   0x00000000   Number         0  __rtentry.o ABSOLUTE
    ../clib/angel/kernel.s                   0x00000000   Number         0  __rtentry2.o ABSOLUTE
    ../clib/angel/rt.s                       0x00000000   Number         0  rt_div0.o ABSOLUTE
    ../clib/angel/rt.s                       0x00000000   Number         0  rt_raise.o ABSOLUTE
    ../clib/angel/rt.s                       0x00000000   Number         0  aeabi_ldiv0.o ABSOLUTE
    ../clib/angel/rt.s                       0x00000000   Number         0  aeabi_ldiv0_sigfpe.o ABSOLUTE
    ../clib/angel/scatter.s                  0x00000000   Number         0  __scatter.o ABSOLUTE
    ../clib/angel/startup.s                  0x00000000   Number         0  __main.o ABSOLUTE
    ../clib/angel/sys.s                      0x00000000   Number         0  indicate_semi.o ABSOLUTE
    ../clib/angel/sys.s                      0x00000000   Number         0  use_no_semi.o ABSOLUTE
    ../clib/angel/sys.s                      0x00000000   Number         0  sys_stackheap_outer.o ABSOLUTE
    ../clib/angel/sys.s                      0x00000000   Number         0  libspace.o ABSOLUTE
    ../clib/angel/sysapp.c                   0x00000000   Number         0  sys_wrch.o ABSOLUTE
    ../clib/angel/sysapp.c                   0x00000000   Number         0  sys_exit.o ABSOLUTE
    ../clib/angel/sysapp.c                   0x00000000   Number         0  sys_command.o ABSOLUTE
    ../clib/armsys.c                         0x00000000   Number         0  _get_argv_nomalloc.o ABSOLUTE
    ../clib/armsys.c                         0x00000000   Number         0  no_argv.o ABSOLUTE
    ../clib/armsys.c                         0x00000000   Number         0  argv_veneer.o ABSOLUTE
    ../clib/armsys.c                         0x00000000   Number         0  argv_veneer.o ABSOLUTE
    ../clib/heapalloc.c                      0x00000000   Number         0  hrguard.o ABSOLUTE
    ../clib/heapaux.c                        0x00000000   Number         0  heapauxi.o ABSOLUTE
    ../clib/libinit.s                        0x00000000   Number         0  libshutdown2.o ABSOLUTE
    ../clib/libinit.s                        0x00000000   Number         0  libinit2.o ABSOLUTE
    ../clib/libinit.s                        0x00000000   Number         0  libshutdown.o ABSOLUTE
    ../clib/libinit.s                        0x00000000   Number         0  libinit.o ABSOLUTE
    ../clib/longlong.s                       0x00000000   Number         0  lludivv7m.o ABSOLUTE
    ../clib/signal.c                         0x00000000   Number         0  defsig_cppl_inner.o ABSOLUTE
    ../clib/signal.c                         0x00000000   Number         0  defsig_general.o ABSOLUTE
    ../clib/signal.c                         0x00000000   Number         0  __raise.o ABSOLUTE
    ../clib/signal.c                         0x00000000   Number         0  defsig_fpe_inner.o ABSOLUTE
    ../clib/signal.c                         0x00000000   Number         0  defsig_fpe_outer.o ABSOLUTE
    ../clib/signal.c                         0x00000000   Number         0  defsig_fpe_formal.o ABSOLUTE
    ../clib/signal.c                         0x00000000   Number         0  defsig_exit.o ABSOLUTE
    ../clib/signal.c                         0x00000000   Number         0  defsig_other.o ABSOLUTE
    ../clib/signal.c                         0x00000000   Number         0  defsig_segv_inner.o ABSOLUTE
    ../clib/signal.c                         0x00000000   Number         0  defsig_pvfn_inner.o ABSOLUTE
    ../clib/signal.c                         0x00000000   Number         0  defsig_stak_inner.o ABSOLUTE
    ../clib/signal.c                         0x00000000   Number         0  defsig_rtmem_formal.o ABSOLUTE
    ../clib/signal.c                         0x00000000   Number         0  defsig_rtmem_outer.o ABSOLUTE
    ../clib/signal.c                         0x00000000   Number         0  defsig_rtmem_inner.o ABSOLUTE
    ../clib/signal.c                         0x00000000   Number         0  defsig_rtred_inner.o ABSOLUTE
    ../clib/signal.c                         0x00000000   Number         0  defsig_abrt_inner.o ABSOLUTE
    ../clib/signal.s                         0x00000000   Number         0  defsig.o ABSOLUTE
    ../clib/stdlib.c                         0x00000000   Number         0  exit.o ABSOLUTE
    ../fplib/fpinit.s                        0x00000000   Number         0  fpinit.o ABSOLUTE
    ..\CORE\startup_stm32l431xx.s            0x00000000   Number         0  startup_stm32l431xx.o ABSOLUTE
    ..\HALLIB\Src\stm32l4xx_hal.c            0x00000000   Number         0  stm32l4xx_hal.o ABSOLUTE
    ..\HALLIB\Src\stm32l4xx_hal_adc.c        0x00000000   Number         0  stm32l4xx_hal_adc.o ABSOLUTE
    ..\HALLIB\Src\stm32l4xx_hal_adc_ex.c     0x00000000   Number         0  stm32l4xx_hal_adc_ex.o ABSOLUTE
    ..\HALLIB\Src\stm32l4xx_hal_can.c        0x00000000   Number         0  stm32l4xx_hal_can.o ABSOLUTE
    ..\HALLIB\Src\stm32l4xx_hal_comp.c       0x00000000   Number         0  stm32l4xx_hal_comp.o ABSOLUTE
    ..\HALLIB\Src\stm32l4xx_hal_cortex.c     0x00000000   Number         0  stm32l4xx_hal_cortex.o ABSOLUTE
    ..\HALLIB\Src\stm32l4xx_hal_crc.c        0x00000000   Number         0  stm32l4xx_hal_crc.o ABSOLUTE
    ..\HALLIB\Src\stm32l4xx_hal_crc_ex.c     0x00000000   Number         0  stm32l4xx_hal_crc_ex.o ABSOLUTE
    ..\HALLIB\Src\stm32l4xx_hal_cryp.c       0x00000000   Number         0  stm32l4xx_hal_cryp.o ABSOLUTE
    ..\HALLIB\Src\stm32l4xx_hal_cryp_ex.c    0x00000000   Number         0  stm32l4xx_hal_cryp_ex.o ABSOLUTE
    ..\HALLIB\Src\stm32l4xx_hal_dac.c        0x00000000   Number         0  stm32l4xx_hal_dac.o ABSOLUTE
    ..\HALLIB\Src\stm32l4xx_hal_dac_ex.c     0x00000000   Number         0  stm32l4xx_hal_dac_ex.o ABSOLUTE
    ..\HALLIB\Src\stm32l4xx_hal_dcmi.c       0x00000000   Number         0  stm32l4xx_hal_dcmi.o ABSOLUTE
    ..\HALLIB\Src\stm32l4xx_hal_dfsdm.c      0x00000000   Number         0  stm32l4xx_hal_dfsdm.o ABSOLUTE
    ..\HALLIB\Src\stm32l4xx_hal_dfsdm_ex.c   0x00000000   Number         0  stm32l4xx_hal_dfsdm_ex.o ABSOLUTE
    ..\HALLIB\Src\stm32l4xx_hal_dma.c        0x00000000   Number         0  stm32l4xx_hal_dma.o ABSOLUTE
    ..\HALLIB\Src\stm32l4xx_hal_dma2d.c      0x00000000   Number         0  stm32l4xx_hal_dma2d.o ABSOLUTE
    ..\HALLIB\Src\stm32l4xx_hal_dma_ex.c     0x00000000   Number         0  stm32l4xx_hal_dma_ex.o ABSOLUTE
    ..\HALLIB\Src\stm32l4xx_hal_dsi.c        0x00000000   Number         0  stm32l4xx_hal_dsi.o ABSOLUTE
    ..\HALLIB\Src\stm32l4xx_hal_exti.c       0x00000000   Number         0  stm32l4xx_hal_exti.o ABSOLUTE
    ..\HALLIB\Src\stm32l4xx_hal_firewall.c   0x00000000   Number         0  stm32l4xx_hal_firewall.o ABSOLUTE
    ..\HALLIB\Src\stm32l4xx_hal_flash.c      0x00000000   Number         0  stm32l4xx_hal_flash.o ABSOLUTE
    ..\HALLIB\Src\stm32l4xx_hal_flash_ex.c   0x00000000   Number         0  stm32l4xx_hal_flash_ex.o ABSOLUTE
    ..\HALLIB\Src\stm32l4xx_hal_flash_ramfunc.c 0x00000000   Number         0  stm32l4xx_hal_flash_ramfunc.o ABSOLUTE
    ..\HALLIB\Src\stm32l4xx_hal_gfxmmu.c     0x00000000   Number         0  stm32l4xx_hal_gfxmmu.o ABSOLUTE
    ..\HALLIB\Src\stm32l4xx_hal_gpio.c       0x00000000   Number         0  stm32l4xx_hal_gpio.o ABSOLUTE
    ..\HALLIB\Src\stm32l4xx_hal_hash.c       0x00000000   Number         0  stm32l4xx_hal_hash.o ABSOLUTE
    ..\HALLIB\Src\stm32l4xx_hal_hash_ex.c    0x00000000   Number         0  stm32l4xx_hal_hash_ex.o ABSOLUTE
    ..\HALLIB\Src\stm32l4xx_hal_hcd.c        0x00000000   Number         0  stm32l4xx_hal_hcd.o ABSOLUTE
    ..\HALLIB\Src\stm32l4xx_hal_i2c.c        0x00000000   Number         0  stm32l4xx_hal_i2c.o ABSOLUTE
    ..\HALLIB\Src\stm32l4xx_hal_i2c_ex.c     0x00000000   Number         0  stm32l4xx_hal_i2c_ex.o ABSOLUTE
    ..\HALLIB\Src\stm32l4xx_hal_irda.c       0x00000000   Number         0  stm32l4xx_hal_irda.o ABSOLUTE
    ..\HALLIB\Src\stm32l4xx_hal_iwdg.c       0x00000000   Number         0  stm32l4xx_hal_iwdg.o ABSOLUTE
    ..\HALLIB\Src\stm32l4xx_hal_lcd.c        0x00000000   Number         0  stm32l4xx_hal_lcd.o ABSOLUTE
    ..\HALLIB\Src\stm32l4xx_hal_lptim.c      0x00000000   Number         0  stm32l4xx_hal_lptim.o ABSOLUTE
    ..\HALLIB\Src\stm32l4xx_hal_ltdc.c       0x00000000   Number         0  stm32l4xx_hal_ltdc.o ABSOLUTE
    ..\HALLIB\Src\stm32l4xx_hal_ltdc_ex.c    0x00000000   Number         0  stm32l4xx_hal_ltdc_ex.o ABSOLUTE
    ..\HALLIB\Src\stm32l4xx_hal_nand.c       0x00000000   Number         0  stm32l4xx_hal_nand.o ABSOLUTE
    ..\HALLIB\Src\stm32l4xx_hal_nor.c        0x00000000   Number         0  stm32l4xx_hal_nor.o ABSOLUTE
    ..\HALLIB\Src\stm32l4xx_hal_opamp.c      0x00000000   Number         0  stm32l4xx_hal_opamp.o ABSOLUTE
    ..\HALLIB\Src\stm32l4xx_hal_opamp_ex.c   0x00000000   Number         0  stm32l4xx_hal_opamp_ex.o ABSOLUTE
    ..\HALLIB\Src\stm32l4xx_hal_ospi.c       0x00000000   Number         0  stm32l4xx_hal_ospi.o ABSOLUTE
    ..\HALLIB\Src\stm32l4xx_hal_pcd.c        0x00000000   Number         0  stm32l4xx_hal_pcd.o ABSOLUTE
    ..\HALLIB\Src\stm32l4xx_hal_pcd_ex.c     0x00000000   Number         0  stm32l4xx_hal_pcd_ex.o ABSOLUTE
    ..\HALLIB\Src\stm32l4xx_hal_pwr.c        0x00000000   Number         0  stm32l4xx_hal_pwr.o ABSOLUTE
    ..\HALLIB\Src\stm32l4xx_hal_pwr_ex.c     0x00000000   Number         0  stm32l4xx_hal_pwr_ex.o ABSOLUTE
    ..\HALLIB\Src\stm32l4xx_hal_qspi.c       0x00000000   Number         0  stm32l4xx_hal_qspi.o ABSOLUTE
    ..\HALLIB\Src\stm32l4xx_hal_rcc.c        0x00000000   Number         0  stm32l4xx_hal_rcc.o ABSOLUTE
    ..\HALLIB\Src\stm32l4xx_hal_rcc_ex.c     0x00000000   Number         0  stm32l4xx_hal_rcc_ex.o ABSOLUTE
    ..\HALLIB\Src\stm32l4xx_hal_rng.c        0x00000000   Number         0  stm32l4xx_hal_rng.o ABSOLUTE
    ..\HALLIB\Src\stm32l4xx_hal_rtc.c        0x00000000   Number         0  stm32l4xx_hal_rtc.o ABSOLUTE
    ..\HALLIB\Src\stm32l4xx_hal_rtc_ex.c     0x00000000   Number         0  stm32l4xx_hal_rtc_ex.o ABSOLUTE
    ..\HALLIB\Src\stm32l4xx_hal_sai.c        0x00000000   Number         0  stm32l4xx_hal_sai.o ABSOLUTE
    ..\HALLIB\Src\stm32l4xx_hal_sai_ex.c     0x00000000   Number         0  stm32l4xx_hal_sai_ex.o ABSOLUTE
    ..\HALLIB\Src\stm32l4xx_hal_sd.c         0x00000000   Number         0  stm32l4xx_hal_sd.o ABSOLUTE
    ..\HALLIB\Src\stm32l4xx_hal_sd_ex.c      0x00000000   Number         0  stm32l4xx_hal_sd_ex.o ABSOLUTE
    ..\HALLIB\Src\stm32l4xx_hal_smartcard.c  0x00000000   Number         0  stm32l4xx_hal_smartcard.o ABSOLUTE
    ..\HALLIB\Src\stm32l4xx_hal_smartcard_ex.c 0x00000000   Number         0  stm32l4xx_hal_smartcard_ex.o ABSOLUTE
    ..\HALLIB\Src\stm32l4xx_hal_smbus.c      0x00000000   Number         0  stm32l4xx_hal_smbus.o ABSOLUTE
    ..\HALLIB\Src\stm32l4xx_hal_spi.c        0x00000000   Number         0  stm32l4xx_hal_spi.o ABSOLUTE
    ..\HALLIB\Src\stm32l4xx_hal_spi_ex.c     0x00000000   Number         0  stm32l4xx_hal_spi_ex.o ABSOLUTE
    ..\HALLIB\Src\stm32l4xx_hal_sram.c       0x00000000   Number         0  stm32l4xx_hal_sram.o ABSOLUTE
    ..\HALLIB\Src\stm32l4xx_hal_swpmi.c      0x00000000   Number         0  stm32l4xx_hal_swpmi.o ABSOLUTE
    ..\HALLIB\Src\stm32l4xx_hal_tim.c        0x00000000   Number         0  stm32l4xx_hal_tim.o ABSOLUTE
    ..\HALLIB\Src\stm32l4xx_hal_tim_ex.c     0x00000000   Number         0  stm32l4xx_hal_tim_ex.o ABSOLUTE
    ..\HALLIB\Src\stm32l4xx_hal_timebase_tim_template.c 0x00000000   Number         0  stm32l4xx_hal_timebase_tim_template.o ABSOLUTE
    ..\HALLIB\Src\stm32l4xx_hal_tsc.c        0x00000000   Number         0  stm32l4xx_hal_tsc.o ABSOLUTE
    ..\HALLIB\Src\stm32l4xx_hal_uart.c       0x00000000   Number         0  stm32l4xx_hal_uart.o ABSOLUTE
    ..\HALLIB\Src\stm32l4xx_hal_uart_ex.c    0x00000000   Number         0  stm32l4xx_hal_uart_ex.o ABSOLUTE
    ..\HALLIB\Src\stm32l4xx_hal_usart.c      0x00000000   Number         0  stm32l4xx_hal_usart.o ABSOLUTE
    ..\HALLIB\Src\stm32l4xx_hal_usart_ex.c   0x00000000   Number         0  stm32l4xx_hal_usart_ex.o ABSOLUTE
    ..\HALLIB\Src\stm32l4xx_hal_wwdg.c       0x00000000   Number         0  stm32l4xx_hal_wwdg.o ABSOLUTE
    ..\HALLIB\Src\stm32l4xx_ll_adc.c         0x00000000   Number         0  stm32l4xx_ll_adc.o ABSOLUTE
    ..\HALLIB\Src\stm32l4xx_ll_comp.c        0x00000000   Number         0  stm32l4xx_ll_comp.o ABSOLUTE
    ..\HALLIB\Src\stm32l4xx_ll_crc.c         0x00000000   Number         0  stm32l4xx_ll_crc.o ABSOLUTE
    ..\HALLIB\Src\stm32l4xx_ll_crs.c         0x00000000   Number         0  stm32l4xx_ll_crs.o ABSOLUTE
    ..\HALLIB\Src\stm32l4xx_ll_dac.c         0x00000000   Number         0  stm32l4xx_ll_dac.o ABSOLUTE
    ..\HALLIB\Src\stm32l4xx_ll_dma.c         0x00000000   Number         0  stm32l4xx_ll_dma.o ABSOLUTE
    ..\HALLIB\Src\stm32l4xx_ll_dma2d.c       0x00000000   Number         0  stm32l4xx_ll_dma2d.o ABSOLUTE
    ..\HALLIB\Src\stm32l4xx_ll_exti.c        0x00000000   Number         0  stm32l4xx_ll_exti.o ABSOLUTE
    ..\HALLIB\Src\stm32l4xx_ll_fmc.c         0x00000000   Number         0  stm32l4xx_ll_fmc.o ABSOLUTE
    ..\HALLIB\Src\stm32l4xx_ll_gpio.c        0x00000000   Number         0  stm32l4xx_ll_gpio.o ABSOLUTE
    ..\HALLIB\Src\stm32l4xx_ll_i2c.c         0x00000000   Number         0  stm32l4xx_ll_i2c.o ABSOLUTE
    ..\HALLIB\Src\stm32l4xx_ll_lptim.c       0x00000000   Number         0  stm32l4xx_ll_lptim.o ABSOLUTE
    ..\HALLIB\Src\stm32l4xx_ll_lpuart.c      0x00000000   Number         0  stm32l4xx_ll_lpuart.o ABSOLUTE
    ..\HALLIB\Src\stm32l4xx_ll_opamp.c       0x00000000   Number         0  stm32l4xx_ll_opamp.o ABSOLUTE
    ..\HALLIB\Src\stm32l4xx_ll_pwr.c         0x00000000   Number         0  stm32l4xx_ll_pwr.o ABSOLUTE
    ..\HALLIB\Src\stm32l4xx_ll_rcc.c         0x00000000   Number         0  stm32l4xx_ll_rcc.o ABSOLUTE
    ..\HALLIB\Src\stm32l4xx_ll_rng.c         0x00000000   Number         0  stm32l4xx_ll_rng.o ABSOLUTE
    ..\HALLIB\Src\stm32l4xx_ll_rtc.c         0x00000000   Number         0  stm32l4xx_ll_rtc.o ABSOLUTE
    ..\HALLIB\Src\stm32l4xx_ll_sdmmc.c       0x00000000   Number         0  stm32l4xx_ll_sdmmc.o ABSOLUTE
    ..\HALLIB\Src\stm32l4xx_ll_spi.c         0x00000000   Number         0  stm32l4xx_ll_spi.o ABSOLUTE
    ..\HALLIB\Src\stm32l4xx_ll_swpmi.c       0x00000000   Number         0  stm32l4xx_ll_swpmi.o ABSOLUTE
    ..\HALLIB\Src\stm32l4xx_ll_tim.c         0x00000000   Number         0  stm32l4xx_ll_tim.o ABSOLUTE
    ..\HALLIB\Src\stm32l4xx_ll_usart.c       0x00000000   Number         0  stm32l4xx_ll_usart.o ABSOLUTE
    ..\HALLIB\Src\stm32l4xx_ll_usb.c         0x00000000   Number         0  stm32l4xx_ll_usb.o ABSOLUTE
    ..\HALLIB\Src\stm32l4xx_ll_utils.c       0x00000000   Number         0  stm32l4xx_ll_utils.o ABSOLUTE
    ..\\HALLIB\\Src\\stm32l4xx_hal.c         0x00000000   Number         0  stm32l4xx_hal.o ABSOLUTE
    ..\\HALLIB\\Src\\stm32l4xx_hal_adc.c     0x00000000   Number         0  stm32l4xx_hal_adc.o ABSOLUTE
    ..\\HALLIB\\Src\\stm32l4xx_hal_adc_ex.c  0x00000000   Number         0  stm32l4xx_hal_adc_ex.o ABSOLUTE
    ..\\HALLIB\\Src\\stm32l4xx_hal_can.c     0x00000000   Number         0  stm32l4xx_hal_can.o ABSOLUTE
    ..\\HALLIB\\Src\\stm32l4xx_hal_comp.c    0x00000000   Number         0  stm32l4xx_hal_comp.o ABSOLUTE
    ..\\HALLIB\\Src\\stm32l4xx_hal_cortex.c  0x00000000   Number         0  stm32l4xx_hal_cortex.o ABSOLUTE
    ..\\HALLIB\\Src\\stm32l4xx_hal_crc.c     0x00000000   Number         0  stm32l4xx_hal_crc.o ABSOLUTE
    ..\\HALLIB\\Src\\stm32l4xx_hal_crc_ex.c  0x00000000   Number         0  stm32l4xx_hal_crc_ex.o ABSOLUTE
    ..\\HALLIB\\Src\\stm32l4xx_hal_cryp.c    0x00000000   Number         0  stm32l4xx_hal_cryp.o ABSOLUTE
    ..\\HALLIB\\Src\\stm32l4xx_hal_cryp_ex.c 0x00000000   Number         0  stm32l4xx_hal_cryp_ex.o ABSOLUTE
    ..\\HALLIB\\Src\\stm32l4xx_hal_dac.c     0x00000000   Number         0  stm32l4xx_hal_dac.o ABSOLUTE
    ..\\HALLIB\\Src\\stm32l4xx_hal_dac_ex.c  0x00000000   Number         0  stm32l4xx_hal_dac_ex.o ABSOLUTE
    ..\\HALLIB\\Src\\stm32l4xx_hal_dcmi.c    0x00000000   Number         0  stm32l4xx_hal_dcmi.o ABSOLUTE
    ..\\HALLIB\\Src\\stm32l4xx_hal_dfsdm.c   0x00000000   Number         0  stm32l4xx_hal_dfsdm.o ABSOLUTE
    ..\\HALLIB\\Src\\stm32l4xx_hal_dfsdm_ex.c 0x00000000   Number         0  stm32l4xx_hal_dfsdm_ex.o ABSOLUTE
    ..\\HALLIB\\Src\\stm32l4xx_hal_dma.c     0x00000000   Number         0  stm32l4xx_hal_dma.o ABSOLUTE
    ..\\HALLIB\\Src\\stm32l4xx_hal_dma2d.c   0x00000000   Number         0  stm32l4xx_hal_dma2d.o ABSOLUTE
    ..\\HALLIB\\Src\\stm32l4xx_hal_dma_ex.c  0x00000000   Number         0  stm32l4xx_hal_dma_ex.o ABSOLUTE
    ..\\HALLIB\\Src\\stm32l4xx_hal_dsi.c     0x00000000   Number         0  stm32l4xx_hal_dsi.o ABSOLUTE
    ..\\HALLIB\\Src\\stm32l4xx_hal_exti.c    0x00000000   Number         0  stm32l4xx_hal_exti.o ABSOLUTE
    ..\\HALLIB\\Src\\stm32l4xx_hal_firewall.c 0x00000000   Number         0  stm32l4xx_hal_firewall.o ABSOLUTE
    ..\\HALLIB\\Src\\stm32l4xx_hal_flash.c   0x00000000   Number         0  stm32l4xx_hal_flash.o ABSOLUTE
    ..\\HALLIB\\Src\\stm32l4xx_hal_flash_ex.c 0x00000000   Number         0  stm32l4xx_hal_flash_ex.o ABSOLUTE
    ..\\HALLIB\\Src\\stm32l4xx_hal_flash_ramfunc.c 0x00000000   Number         0  stm32l4xx_hal_flash_ramfunc.o ABSOLUTE
    ..\\HALLIB\\Src\\stm32l4xx_hal_gfxmmu.c  0x00000000   Number         0  stm32l4xx_hal_gfxmmu.o ABSOLUTE
    ..\\HALLIB\\Src\\stm32l4xx_hal_gpio.c    0x00000000   Number         0  stm32l4xx_hal_gpio.o ABSOLUTE
    ..\\HALLIB\\Src\\stm32l4xx_hal_hash.c    0x00000000   Number         0  stm32l4xx_hal_hash.o ABSOLUTE
    ..\\HALLIB\\Src\\stm32l4xx_hal_hash_ex.c 0x00000000   Number         0  stm32l4xx_hal_hash_ex.o ABSOLUTE
    ..\\HALLIB\\Src\\stm32l4xx_hal_hcd.c     0x00000000   Number         0  stm32l4xx_hal_hcd.o ABSOLUTE
    ..\\HALLIB\\Src\\stm32l4xx_hal_i2c.c     0x00000000   Number         0  stm32l4xx_hal_i2c.o ABSOLUTE
    ..\\HALLIB\\Src\\stm32l4xx_hal_i2c_ex.c  0x00000000   Number         0  stm32l4xx_hal_i2c_ex.o ABSOLUTE
    ..\\HALLIB\\Src\\stm32l4xx_hal_irda.c    0x00000000   Number         0  stm32l4xx_hal_irda.o ABSOLUTE
    ..\\HALLIB\\Src\\stm32l4xx_hal_iwdg.c    0x00000000   Number         0  stm32l4xx_hal_iwdg.o ABSOLUTE
    ..\\HALLIB\\Src\\stm32l4xx_hal_lcd.c     0x00000000   Number         0  stm32l4xx_hal_lcd.o ABSOLUTE
    ..\\HALLIB\\Src\\stm32l4xx_hal_lptim.c   0x00000000   Number         0  stm32l4xx_hal_lptim.o ABSOLUTE
    ..\\HALLIB\\Src\\stm32l4xx_hal_ltdc.c    0x00000000   Number         0  stm32l4xx_hal_ltdc.o ABSOLUTE
    ..\\HALLIB\\Src\\stm32l4xx_hal_ltdc_ex.c 0x00000000   Number         0  stm32l4xx_hal_ltdc_ex.o ABSOLUTE
    ..\\HALLIB\\Src\\stm32l4xx_hal_nand.c    0x00000000   Number         0  stm32l4xx_hal_nand.o ABSOLUTE
    ..\\HALLIB\\Src\\stm32l4xx_hal_nor.c     0x00000000   Number         0  stm32l4xx_hal_nor.o ABSOLUTE
    ..\\HALLIB\\Src\\stm32l4xx_hal_opamp.c   0x00000000   Number         0  stm32l4xx_hal_opamp.o ABSOLUTE
    ..\\HALLIB\\Src\\stm32l4xx_hal_opamp_ex.c 0x00000000   Number         0  stm32l4xx_hal_opamp_ex.o ABSOLUTE
    ..\\HALLIB\\Src\\stm32l4xx_hal_ospi.c    0x00000000   Number         0  stm32l4xx_hal_ospi.o ABSOLUTE
    ..\\HALLIB\\Src\\stm32l4xx_hal_pcd.c     0x00000000   Number         0  stm32l4xx_hal_pcd.o ABSOLUTE
    ..\\HALLIB\\Src\\stm32l4xx_hal_pcd_ex.c  0x00000000   Number         0  stm32l4xx_hal_pcd_ex.o ABSOLUTE
    ..\\HALLIB\\Src\\stm32l4xx_hal_pwr.c     0x00000000   Number         0  stm32l4xx_hal_pwr.o ABSOLUTE
    ..\\HALLIB\\Src\\stm32l4xx_hal_pwr_ex.c  0x00000000   Number         0  stm32l4xx_hal_pwr_ex.o ABSOLUTE
    ..\\HALLIB\\Src\\stm32l4xx_hal_qspi.c    0x00000000   Number         0  stm32l4xx_hal_qspi.o ABSOLUTE
    ..\\HALLIB\\Src\\stm32l4xx_hal_rcc.c     0x00000000   Number         0  stm32l4xx_hal_rcc.o ABSOLUTE
    ..\\HALLIB\\Src\\stm32l4xx_hal_rcc_ex.c  0x00000000   Number         0  stm32l4xx_hal_rcc_ex.o ABSOLUTE
    ..\\HALLIB\\Src\\stm32l4xx_hal_rng.c     0x00000000   Number         0  stm32l4xx_hal_rng.o ABSOLUTE
    ..\\HALLIB\\Src\\stm32l4xx_hal_rtc.c     0x00000000   Number         0  stm32l4xx_hal_rtc.o ABSOLUTE
    ..\\HALLIB\\Src\\stm32l4xx_hal_rtc_ex.c  0x00000000   Number         0  stm32l4xx_hal_rtc_ex.o ABSOLUTE
    ..\\HALLIB\\Src\\stm32l4xx_hal_sai.c     0x00000000   Number         0  stm32l4xx_hal_sai.o ABSOLUTE
    ..\\HALLIB\\Src\\stm32l4xx_hal_sai_ex.c  0x00000000   Number         0  stm32l4xx_hal_sai_ex.o ABSOLUTE
    ..\\HALLIB\\Src\\stm32l4xx_hal_sd.c      0x00000000   Number         0  stm32l4xx_hal_sd.o ABSOLUTE
    ..\\HALLIB\\Src\\stm32l4xx_hal_sd_ex.c   0x00000000   Number         0  stm32l4xx_hal_sd_ex.o ABSOLUTE
    ..\\HALLIB\\Src\\stm32l4xx_hal_smartcard.c 0x00000000   Number         0  stm32l4xx_hal_smartcard.o ABSOLUTE
    ..\\HALLIB\\Src\\stm32l4xx_hal_smartcard_ex.c 0x00000000   Number         0  stm32l4xx_hal_smartcard_ex.o ABSOLUTE
    ..\\HALLIB\\Src\\stm32l4xx_hal_smbus.c   0x00000000   Number         0  stm32l4xx_hal_smbus.o ABSOLUTE
    ..\\HALLIB\\Src\\stm32l4xx_hal_spi.c     0x00000000   Number         0  stm32l4xx_hal_spi.o ABSOLUTE
    ..\\HALLIB\\Src\\stm32l4xx_hal_spi_ex.c  0x00000000   Number         0  stm32l4xx_hal_spi_ex.o ABSOLUTE
    ..\\HALLIB\\Src\\stm32l4xx_hal_sram.c    0x00000000   Number         0  stm32l4xx_hal_sram.o ABSOLUTE
    ..\\HALLIB\\Src\\stm32l4xx_hal_swpmi.c   0x00000000   Number         0  stm32l4xx_hal_swpmi.o ABSOLUTE
    ..\\HALLIB\\Src\\stm32l4xx_hal_tim.c     0x00000000   Number         0  stm32l4xx_hal_tim.o ABSOLUTE
    ..\\HALLIB\\Src\\stm32l4xx_hal_tim_ex.c  0x00000000   Number         0  stm32l4xx_hal_tim_ex.o ABSOLUTE
    ..\\HALLIB\\Src\\stm32l4xx_hal_timebase_tim_template.c 0x00000000   Number         0  stm32l4xx_hal_timebase_tim_template.o ABSOLUTE
    ..\\HALLIB\\Src\\stm32l4xx_hal_tsc.c     0x00000000   Number         0  stm32l4xx_hal_tsc.o ABSOLUTE
    ..\\HALLIB\\Src\\stm32l4xx_hal_uart.c    0x00000000   Number         0  stm32l4xx_hal_uart.o ABSOLUTE
    ..\\HALLIB\\Src\\stm32l4xx_hal_uart_ex.c 0x00000000   Number         0  stm32l4xx_hal_uart_ex.o ABSOLUTE
    ..\\HALLIB\\Src\\stm32l4xx_hal_usart.c   0x00000000   Number         0  stm32l4xx_hal_usart.o ABSOLUTE
    ..\\HALLIB\\Src\\stm32l4xx_hal_usart_ex.c 0x00000000   Number         0  stm32l4xx_hal_usart_ex.o ABSOLUTE
    ..\\HALLIB\\Src\\stm32l4xx_hal_wwdg.c    0x00000000   Number         0  stm32l4xx_hal_wwdg.o ABSOLUTE
    ..\\HALLIB\\Src\\stm32l4xx_ll_fmc.c      0x00000000   Number         0  stm32l4xx_ll_fmc.o ABSOLUTE
    ..\\HALLIB\\Src\\stm32l4xx_ll_sdmmc.c    0x00000000   Number         0  stm32l4xx_ll_sdmmc.o ABSOLUTE
    ..\\HALLIB\\Src\\stm32l4xx_ll_usb.c      0x00000000   Number         0  stm32l4xx_ll_usb.o ABSOLUTE
    ..\\HALLIB\\Src\\stm32l4xx_ll_utils.c    0x00000000   Number         0  stm32l4xx_ll_utils.o ABSOLUTE
    dc.s                                     0x00000000   Number         0  dc.o ABSOLUTE
    main.c                                   0x00000000   Number         0  main.o ABSOLUTE
    main.c                                   0x00000000   Number         0  main.o ABSOLUTE
    stm32l4xx_hal_msp.c                      0x00000000   Number         0  stm32l4xx_hal_msp.o ABSOLUTE
    stm32l4xx_hal_msp.c                      0x00000000   Number         0  stm32l4xx_hal_msp.o ABSOLUTE
    stm32l4xx_it.c                           0x00000000   Number         0  stm32l4xx_it.o ABSOLUTE
    stm32l4xx_it.c                           0x00000000   Number         0  stm32l4xx_it.o ABSOLUTE
    system_stm32l4xx.c                       0x00000000   Number         0  system_stm32l4xx.o ABSOLUTE
    system_stm32l4xx.c                       0x00000000   Number         0  system_stm32l4xx.o ABSOLUTE
    RESET                                    0x08000000   Section      396  startup_stm32l431xx.o(RESET)
    !!!main                                  0x0800018c   Section        8  __main.o(!!!main)
    !!!scatter                               0x08000194   Section       52  __scatter.o(!!!scatter)
    !!handler_copy                           0x080001c8   Section       26  __scatter_copy.o(!!handler_copy)
    !!handler_zi                             0x080001e4   Section       28  __scatter_zi.o(!!handler_zi)
    .ARM.Collect$$libinit$$00000000          0x08000200   Section        2  libinit.o(.ARM.Collect$$libinit$$00000000)
    .ARM.Collect$$libinit$$00000001          0x08000202   Section        4  libinit2.o(.ARM.Collect$$libinit$$00000001)
    .ARM.Collect$$libinit$$00000004          0x08000206   Section        0  libinit2.o(.ARM.Collect$$libinit$$00000004)
    .ARM.Collect$$libinit$$0000000A          0x08000206   Section        0  libinit2.o(.ARM.Collect$$libinit$$0000000A)
    .ARM.Collect$$libinit$$0000000C          0x08000206   Section        0  libinit2.o(.ARM.Collect$$libinit$$0000000C)
    .ARM.Collect$$libinit$$0000000E          0x08000206   Section        0  libinit2.o(.ARM.Collect$$libinit$$0000000E)
    .ARM.Collect$$libinit$$00000011          0x08000206   Section        0  libinit2.o(.ARM.Collect$$libinit$$00000011)
    .ARM.Collect$$libinit$$00000013          0x08000206   Section        0  libinit2.o(.ARM.Collect$$libinit$$00000013)
    .ARM.Collect$$libinit$$00000015          0x08000206   Section        0  libinit2.o(.ARM.Collect$$libinit$$00000015)
    .ARM.Collect$$libinit$$00000017          0x08000206   Section        0  libinit2.o(.ARM.Collect$$libinit$$00000017)
    .ARM.Collect$$libinit$$00000019          0x08000206   Section        0  libinit2.o(.ARM.Collect$$libinit$$00000019)
    .ARM.Collect$$libinit$$0000001B          0x08000206   Section        0  libinit2.o(.ARM.Collect$$libinit$$0000001B)
    .ARM.Collect$$libinit$$0000001D          0x08000206   Section        0  libinit2.o(.ARM.Collect$$libinit$$0000001D)
    .ARM.Collect$$libinit$$0000001F          0x08000206   Section        0  libinit2.o(.ARM.Collect$$libinit$$0000001F)
    .ARM.Collect$$libinit$$00000021          0x08000206   Section        0  libinit2.o(.ARM.Collect$$libinit$$00000021)
    .ARM.Collect$$libinit$$00000023          0x08000206   Section        0  libinit2.o(.ARM.Collect$$libinit$$00000023)
    .ARM.Collect$$libinit$$00000025          0x08000206   Section        0  libinit2.o(.ARM.Collect$$libinit$$00000025)
    .ARM.Collect$$libinit$$0000002C          0x08000206   Section        0  libinit2.o(.ARM.Collect$$libinit$$0000002C)
    .ARM.Collect$$libinit$$0000002E          0x08000206   Section        0  libinit2.o(.ARM.Collect$$libinit$$0000002E)
    .ARM.Collect$$libinit$$00000030          0x08000206   Section        0  libinit2.o(.ARM.Collect$$libinit$$00000030)
    .ARM.Collect$$libinit$$00000032          0x08000206   Section        0  libinit2.o(.ARM.Collect$$libinit$$00000032)
    .ARM.Collect$$libinit$$00000033          0x08000206   Section        2  libinit2.o(.ARM.Collect$$libinit$$00000033)
    .ARM.Collect$$libshutdown$$00000000      0x08000208   Section        2  libshutdown.o(.ARM.Collect$$libshutdown$$00000000)
    .ARM.Collect$$libshutdown$$00000002      0x0800020a   Section        0  libshutdown2.o(.ARM.Collect$$libshutdown$$00000002)
    .ARM.Collect$$libshutdown$$00000004      0x0800020a   Section        0  libshutdown2.o(.ARM.Collect$$libshutdown$$00000004)
    .ARM.Collect$$libshutdown$$00000007      0x0800020a   Section        0  libshutdown2.o(.ARM.Collect$$libshutdown$$00000007)
    .ARM.Collect$$libshutdown$$0000000A      0x0800020a   Section        0  libshutdown2.o(.ARM.Collect$$libshutdown$$0000000A)
    .ARM.Collect$$libshutdown$$0000000C      0x0800020a   Section        0  libshutdown2.o(.ARM.Collect$$libshutdown$$0000000C)
    .ARM.Collect$$libshutdown$$0000000F      0x0800020a   Section        0  libshutdown2.o(.ARM.Collect$$libshutdown$$0000000F)
    .ARM.Collect$$libshutdown$$00000010      0x0800020a   Section        2  libshutdown2.o(.ARM.Collect$$libshutdown$$00000010)
    .ARM.Collect$$rtentry$$00000000          0x0800020c   Section        0  __rtentry.o(.ARM.Collect$$rtentry$$00000000)
    .ARM.Collect$$rtentry$$00000002          0x0800020c   Section        0  __rtentry2.o(.ARM.Collect$$rtentry$$00000002)
    .ARM.Collect$$rtentry$$00000004          0x0800020c   Section        6  __rtentry4.o(.ARM.Collect$$rtentry$$00000004)
    .ARM.Collect$$rtentry$$00000009          0x08000212   Section        0  __rtentry2.o(.ARM.Collect$$rtentry$$00000009)
    .ARM.Collect$$rtentry$$0000000A          0x08000212   Section        4  __rtentry2.o(.ARM.Collect$$rtentry$$0000000A)
    .ARM.Collect$$rtentry$$0000000C          0x08000216   Section        0  __rtentry2.o(.ARM.Collect$$rtentry$$0000000C)
    .ARM.Collect$$rtentry$$0000000D          0x08000216   Section        8  __rtentry2.o(.ARM.Collect$$rtentry$$0000000D)
    .ARM.Collect$$rtexit$$00000000           0x0800021e   Section        2  rtexit.o(.ARM.Collect$$rtexit$$00000000)
    .ARM.Collect$$rtexit$$00000002           0x08000220   Section        0  rtexit2.o(.ARM.Collect$$rtexit$$00000002)
    .ARM.Collect$$rtexit$$00000003           0x08000220   Section        4  rtexit2.o(.ARM.Collect$$rtexit$$00000003)
    .ARM.Collect$$rtexit$$00000004           0x08000224   Section        6  rtexit2.o(.ARM.Collect$$rtexit$$00000004)
    .text                                    0x0800022c   Section       64  startup_stm32l431xx.o(.text)
    $v0                                      0x0800022c   Number         0  startup_stm32l431xx.o(.text)
    .text                                    0x0800026c   Section        0  heapauxi.o(.text)
    .text                                    0x08000272   Section       74  sys_stackheap_outer.o(.text)
    .text                                    0x080002bc   Section        0  exit.o(.text)
    .text                                    0x080002d0   Section        8  libspace.o(.text)
    .text                                    0x080002d8   Section        0  sys_exit.o(.text)
    .text                                    0x080002e4   Section        2  use_no_semi.o(.text)
    .text                                    0x080002e6   Section        0  indicate_semi.o(.text)
    i.BusFault_Handler                       0x080002e6   Section        0  stm32l4xx_it.o(i.BusFault_Handler)
    i.DebugMon_Handler                       0x080002ea   Section        0  stm32l4xx_it.o(i.DebugMon_Handler)
    i.HAL_GetTick                            0x080002ec   Section        0  stm32l4xx_hal.o(i.HAL_GetTick)
    i.HAL_IncTick                            0x080002f8   Section        0  stm32l4xx_hal.o(i.HAL_IncTick)
    i.HAL_Init                               0x08000308   Section        0  stm32l4xx_hal.o(i.HAL_Init)
    i.HAL_InitTick                           0x08000328   Section        0  stm32l4xx_hal_timebase_tim_template.o(i.HAL_InitTick)
    i.HAL_MspInit                            0x080003bc   Section        0  stm32l4xx_hal_msp.o(i.HAL_MspInit)
    i.HAL_NVIC_EnableIRQ                     0x080003be   Section        0  stm32l4xx_hal_cortex.o(i.HAL_NVIC_EnableIRQ)
    i.HAL_NVIC_SetPriority                   0x080003d8   Section        0  stm32l4xx_hal_cortex.o(i.HAL_NVIC_SetPriority)
    i.HAL_NVIC_SetPriorityGrouping           0x0800045c   Section        0  stm32l4xx_hal_cortex.o(i.HAL_NVIC_SetPriorityGrouping)
    i.HAL_PWREx_GetVoltageRange              0x08000484   Section        0  stm32l4xx_hal_pwr_ex.o(i.HAL_PWREx_GetVoltageRange)
    i.HAL_RCC_ClockConfig                    0x08000494   Section        0  stm32l4xx_hal_rcc.o(i.HAL_RCC_ClockConfig)
    i.HAL_RCC_GetClockConfig                 0x0800060c   Section        0  stm32l4xx_hal_rcc.o(i.HAL_RCC_GetClockConfig)
    i.HAL_RCC_GetHCLKFreq                    0x08000650   Section        0  stm32l4xx_hal_rcc.o(i.HAL_RCC_GetHCLKFreq)
    i.HAL_RCC_GetPCLK1Freq                   0x0800065c   Section        0  stm32l4xx_hal_rcc.o(i.HAL_RCC_GetPCLK1Freq)
    i.HAL_RCC_GetSysClockFreq                0x08000680   Section        0  stm32l4xx_hal_rcc.o(i.HAL_RCC_GetSysClockFreq)
    i.HAL_RCC_OscConfig                      0x0800079c   Section        0  stm32l4xx_hal_rcc.o(i.HAL_RCC_OscConfig)
    i.HAL_TIMEx_Break2Callback               0x08000e24   Section        0  stm32l4xx_hal_tim_ex.o(i.HAL_TIMEx_Break2Callback)
    i.HAL_TIMEx_BreakCallback                0x08000e26   Section        0  stm32l4xx_hal_tim_ex.o(i.HAL_TIMEx_BreakCallback)
    i.HAL_TIMEx_CommutationCallback          0x08000e28   Section        0  stm32l4xx_hal_tim_ex.o(i.HAL_TIMEx_CommutationCallback)
    i.HAL_TIM_Base_Init                      0x08000e2a   Section        0  stm32l4xx_hal_tim.o(i.HAL_TIM_Base_Init)
    i.HAL_TIM_Base_MspInit                   0x08000e5e   Section        0  stm32l4xx_hal_tim.o(i.HAL_TIM_Base_MspInit)
    i.HAL_TIM_Base_Start_IT                  0x08000e60   Section        0  stm32l4xx_hal_tim.o(i.HAL_TIM_Base_Start_IT)
    i.HAL_TIM_IC_CaptureCallback             0x08000ea4   Section        0  stm32l4xx_hal_tim.o(i.HAL_TIM_IC_CaptureCallback)
    i.HAL_TIM_IRQHandler                     0x08000ea6   Section        0  stm32l4xx_hal_tim.o(i.HAL_TIM_IRQHandler)
    i.HAL_TIM_OC_DelayElapsedCallback        0x0800105e   Section        0  stm32l4xx_hal_tim.o(i.HAL_TIM_OC_DelayElapsedCallback)
    i.HAL_TIM_PWM_PulseFinishedCallback      0x08001060   Section        0  stm32l4xx_hal_tim.o(i.HAL_TIM_PWM_PulseFinishedCallback)
    i.HAL_TIM_PeriodElapsedCallback          0x08001062   Section        0  stm32l4xx_hal_timebase_tim_template.o(i.HAL_TIM_PeriodElapsedCallback)
    i.HAL_TIM_TriggerCallback                0x0800106c   Section        0  stm32l4xx_hal_tim.o(i.HAL_TIM_TriggerCallback)
    i.HardFault_Handler                      0x0800106e   Section        0  stm32l4xx_it.o(i.HardFault_Handler)
    i.MemManage_Handler                      0x08001072   Section        0  stm32l4xx_it.o(i.MemManage_Handler)
    i.NMI_Handler                            0x08001076   Section        0  stm32l4xx_it.o(i.NMI_Handler)
    i.NVIC_GetPriorityGrouping               0x08001078   Section        0  stm32l4xx_hal_cortex.o(i.NVIC_GetPriorityGrouping)
    NVIC_GetPriorityGrouping                 0x08001079   Thumb Code    10  stm32l4xx_hal_cortex.o(i.NVIC_GetPriorityGrouping)
    i.NVIC_SetPriority                       0x08001088   Section        0  stm32l4xx_hal_cortex.o(i.NVIC_SetPriority)
    NVIC_SetPriority                         0x08001089   Thumb Code    32  stm32l4xx_hal_cortex.o(i.NVIC_SetPriority)
    i.PendSV_Handler                         0x080010b0   Section        0  stm32l4xx_it.o(i.PendSV_Handler)
    i.RCC_SetFlashLatencyFromMSIRange        0x080010b4   Section        0  stm32l4xx_hal_rcc.o(i.RCC_SetFlashLatencyFromMSIRange)
    RCC_SetFlashLatencyFromMSIRange          0x080010b5   Thumb Code   148  stm32l4xx_hal_rcc.o(i.RCC_SetFlashLatencyFromMSIRange)
    i.SVC_Handler                            0x08001150   Section        0  stm32l4xx_it.o(i.SVC_Handler)
    i.SysTick_Handler                        0x08001152   Section        0  stm32l4xx_it.o(i.SysTick_Handler)
    i.SystemClock_Config                     0x0800115a   Section        0  main.o(i.SystemClock_Config)
    SystemClock_Config                       0x0800115b   Thumb Code    92  main.o(i.SystemClock_Config)
    i.SystemInit                             0x080011b8   Section        0  system_stm32l4xx.o(i.SystemInit)
    i.TIM6_DAC_IRQHandler                    0x08001208   Section        0  stm32l4xx_hal_timebase_tim_template.o(i.TIM6_DAC_IRQHandler)
    i.TIM_Base_SetConfig                     0x08001218   Section        0  stm32l4xx_hal_tim.o(i.TIM_Base_SetConfig)
    i.UsageFault_Handler                     0x0800128c   Section        0  stm32l4xx_it.o(i.UsageFault_Handler)
    i.main                                   0x08001290   Section        0  main.o(i.main)
    x$fpl$fpinit                             0x0800129c   Section       10  fpinit.o(x$fpl$fpinit)
    $v0                                      0x0800129c   Number         0  fpinit.o(x$fpl$fpinit)
    .constdata                               0x080012a8   Section       72  system_stm32l4xx.o(.constdata)
    .data                                    0x20000000   Section        4  system_stm32l4xx.o(.data)
    .data                                    0x20000004   Section        4  stm32l4xx_hal.o(.data)
    .bss                                     0x20000008   Section       64  stm32l4xx_hal_timebase_tim_template.o(.bss)
    .bss                                     0x20000048   Section       96  libspace.o(.bss)
    HEAP                                     0x200000a8   Section      512  startup_stm32l431xx.o(HEAP)
    Heap_Mem                                 0x200000a8   Data         512  startup_stm32l431xx.o(HEAP)
    STACK                                    0x200002a8   Section     1024  startup_stm32l431xx.o(STACK)
    Stack_Mem                                0x200002a8   Data        1024  startup_stm32l431xx.o(STACK)
    __initial_sp                             0x200006a8   Data           0  startup_stm32l431xx.o(STACK)

    Global Symbols

    Symbol Name                              Value     Ov Type        Size  Object(Section)

    BuildAttributes$$THM_ISAv4$E$P$D$K$B$S$7EM$VFPi3$EXTD16$VFPS$VFMA$PE$A:L22UL41UL21$X:L11$S22US41US21$IEEE1$IW$USESV6$~STKCKD$USESV7$~SHL$OSPACE$ROPI$EBA8$UX$STANDARDLIB$REQ8$PRES8$EABIv2 0x00000000   Number         0  anon$$obj.o ABSOLUTE
    __ARM_use_no_argv                        0x00000000   Number         0  main.o ABSOLUTE
    __ARM_exceptions_init                     - Undefined Weak Reference
    __alloca_initialize                       - Undefined Weak Reference
    __arm_preinit_                            - Undefined Weak Reference
    __cpp_initialize__aeabi_                  - Undefined Weak Reference
    __cxa_finalize                            - Undefined Weak Reference
    __rt_locale                               - Undefined Weak Reference
    __sigvec_lookup                           - Undefined Weak Reference
    _atexit_init                              - Undefined Weak Reference
    _call_atexit_fns                          - Undefined Weak Reference
    _clock_init                               - Undefined Weak Reference
    _fp_trap_init                             - Undefined Weak Reference
    _fp_trap_shutdown                         - Undefined Weak Reference
    _get_lc_collate                           - Undefined Weak Reference
    _get_lc_ctype                             - Undefined Weak Reference
    _get_lc_monetary                          - Undefined Weak Reference
    _get_lc_numeric                           - Undefined Weak Reference
    _get_lc_time                              - Undefined Weak Reference
    _getenv_init                              - Undefined Weak Reference
    _handle_redirection                       - Undefined Weak Reference
    _init_alloc                               - Undefined Weak Reference
    _init_user_alloc                          - Undefined Weak Reference
    _initio                                   - Undefined Weak Reference
    _rand_init                                - Undefined Weak Reference
    _signal_finish                            - Undefined Weak Reference
    _signal_init                              - Undefined Weak Reference
    _terminate_alloc                          - Undefined Weak Reference
    _terminate_user_alloc                     - Undefined Weak Reference
    _terminateio                              - Undefined Weak Reference
    __Vectors_Size                           0x0000018c   Number         0  startup_stm32l431xx.o ABSOLUTE
    __Vectors                                0x08000000   Data           4  startup_stm32l431xx.o(RESET)
    __Vectors_End                            0x0800018c   Data           0  startup_stm32l431xx.o(RESET)
    __main                                   0x0800018d   Thumb Code     8  __main.o(!!!main)
    __scatterload                            0x08000195   Thumb Code     0  __scatter.o(!!!scatter)
    __scatterload_rt2                        0x08000195   Thumb Code    44  __scatter.o(!!!scatter)
    __scatterload_rt2_thumb_only             0x08000195   Thumb Code     0  __scatter.o(!!!scatter)
    __scatterload_null                       0x080001a3   Thumb Code     0  __scatter.o(!!!scatter)
    __scatterload_copy                       0x080001c9   Thumb Code    26  __scatter_copy.o(!!handler_copy)
    __scatterload_zeroinit                   0x080001e5   Thumb Code    28  __scatter_zi.o(!!handler_zi)
    __rt_lib_init                            0x08000201   Thumb Code     0  libinit.o(.ARM.Collect$$libinit$$00000000)
    __rt_lib_init_fp_1                       0x08000203   Thumb Code     0  libinit2.o(.ARM.Collect$$libinit$$00000001)
    __rt_lib_init_alloca_1                   0x08000207   Thumb Code     0  libinit2.o(.ARM.Collect$$libinit$$0000002E)
    __rt_lib_init_argv_1                     0x08000207   Thumb Code     0  libinit2.o(.ARM.Collect$$libinit$$0000002C)
    __rt_lib_init_atexit_1                   0x08000207   Thumb Code     0  libinit2.o(.ARM.Collect$$libinit$$0000001B)
    __rt_lib_init_clock_1                    0x08000207   Thumb Code     0  libinit2.o(.ARM.Collect$$libinit$$00000021)
    __rt_lib_init_cpp_1                      0x08000207   Thumb Code     0  libinit2.o(.ARM.Collect$$libinit$$00000032)
    __rt_lib_init_exceptions_1               0x08000207   Thumb Code     0  libinit2.o(.ARM.Collect$$libinit$$00000030)
    __rt_lib_init_fp_trap_1                  0x08000207   Thumb Code     0  libinit2.o(.ARM.Collect$$libinit$$0000001F)
    __rt_lib_init_getenv_1                   0x08000207   Thumb Code     0  libinit2.o(.ARM.Collect$$libinit$$00000023)
    __rt_lib_init_heap_1                     0x08000207   Thumb Code     0  libinit2.o(.ARM.Collect$$libinit$$0000000A)
    __rt_lib_init_lc_collate_1               0x08000207   Thumb Code     0  libinit2.o(.ARM.Collect$$libinit$$00000011)
    __rt_lib_init_lc_ctype_1                 0x08000207   Thumb Code     0  libinit2.o(.ARM.Collect$$libinit$$00000013)
    __rt_lib_init_lc_monetary_1              0x08000207   Thumb Code     0  libinit2.o(.ARM.Collect$$libinit$$00000015)
    __rt_lib_init_lc_numeric_1               0x08000207   Thumb Code     0  libinit2.o(.ARM.Collect$$libinit$$00000017)
    __rt_lib_init_lc_time_1                  0x08000207   Thumb Code     0  libinit2.o(.ARM.Collect$$libinit$$00000019)
    __rt_lib_init_preinit_1                  0x08000207   Thumb Code     0  libinit2.o(.ARM.Collect$$libinit$$00000004)
    __rt_lib_init_rand_1                     0x08000207   Thumb Code     0  libinit2.o(.ARM.Collect$$libinit$$0000000E)
    __rt_lib_init_return                     0x08000207   Thumb Code     0  libinit2.o(.ARM.Collect$$libinit$$00000033)
    __rt_lib_init_signal_1                   0x08000207   Thumb Code     0  libinit2.o(.ARM.Collect$$libinit$$0000001D)
    __rt_lib_init_stdio_1                    0x08000207   Thumb Code     0  libinit2.o(.ARM.Collect$$libinit$$00000025)
    __rt_lib_init_user_alloc_1               0x08000207   Thumb Code     0  libinit2.o(.ARM.Collect$$libinit$$0000000C)
    __rt_lib_shutdown                        0x08000209   Thumb Code     0  libshutdown.o(.ARM.Collect$$libshutdown$$00000000)
    __rt_lib_shutdown_cpp_1                  0x0800020b   Thumb Code     0  libshutdown2.o(.ARM.Collect$$libshutdown$$00000002)
    __rt_lib_shutdown_fp_trap_1              0x0800020b   Thumb Code     0  libshutdown2.o(.ARM.Collect$$libshutdown$$00000007)
    __rt_lib_shutdown_heap_1                 0x0800020b   Thumb Code     0  libshutdown2.o(.ARM.Collect$$libshutdown$$0000000F)
    __rt_lib_shutdown_return                 0x0800020b   Thumb Code     0  libshutdown2.o(.ARM.Collect$$libshutdown$$00000010)
    __rt_lib_shutdown_signal_1               0x0800020b   Thumb Code     0  libshutdown2.o(.ARM.Collect$$libshutdown$$0000000A)
    __rt_lib_shutdown_stdio_1                0x0800020b   Thumb Code     0  libshutdown2.o(.ARM.Collect$$libshutdown$$00000004)
    __rt_lib_shutdown_user_alloc_1           0x0800020b   Thumb Code     0  libshutdown2.o(.ARM.Collect$$libshutdown$$0000000C)
    __rt_entry                               0x0800020d   Thumb Code     0  __rtentry.o(.ARM.Collect$$rtentry$$00000000)
    __rt_entry_presh_1                       0x0800020d   Thumb Code     0  __rtentry2.o(.ARM.Collect$$rtentry$$00000002)
    __rt_entry_sh                            0x0800020d   Thumb Code     0  __rtentry4.o(.ARM.Collect$$rtentry$$00000004)
    __rt_entry_li                            0x08000213   Thumb Code     0  __rtentry2.o(.ARM.Collect$$rtentry$$0000000A)
    __rt_entry_postsh_1                      0x08000213   Thumb Code     0  __rtentry2.o(.ARM.Collect$$rtentry$$00000009)
    __rt_entry_main                          0x08000217   Thumb Code     0  __rtentry2.o(.ARM.Collect$$rtentry$$0000000D)
    __rt_entry_postli_1                      0x08000217   Thumb Code     0  __rtentry2.o(.ARM.Collect$$rtentry$$0000000C)
    __rt_exit                                0x0800021f   Thumb Code     0  rtexit.o(.ARM.Collect$$rtexit$$00000000)
    __rt_exit_ls                             0x08000221   Thumb Code     0  rtexit2.o(.ARM.Collect$$rtexit$$00000003)
    __rt_exit_prels_1                        0x08000221   Thumb Code     0  rtexit2.o(.ARM.Collect$$rtexit$$00000002)
    __rt_exit_exit                           0x08000225   Thumb Code     0  rtexit2.o(.ARM.Collect$$rtexit$$00000004)
    Reset_Handler                            0x0800022d   Thumb Code     8  startup_stm32l431xx.o(.text)
    ADC1_IRQHandler                          0x08000247   Thumb Code     0  startup_stm32l431xx.o(.text)
    CAN1_RX0_IRQHandler                      0x08000247   Thumb Code     0  startup_stm32l431xx.o(.text)
    CAN1_RX1_IRQHandler                      0x08000247   Thumb Code     0  startup_stm32l431xx.o(.text)
    CAN1_SCE_IRQHandler                      0x08000247   Thumb Code     0  startup_stm32l431xx.o(.text)
    CAN1_TX_IRQHandler                       0x08000247   Thumb Code     0  startup_stm32l431xx.o(.text)
    COMP_IRQHandler                          0x08000247   Thumb Code     0  startup_stm32l431xx.o(.text)
    CRS_IRQHandler                           0x08000247   Thumb Code     0  startup_stm32l431xx.o(.text)
    DMA1_Channel1_IRQHandler                 0x08000247   Thumb Code     0  startup_stm32l431xx.o(.text)
    DMA1_Channel2_IRQHandler                 0x08000247   Thumb Code     0  startup_stm32l431xx.o(.text)
    DMA1_Channel3_IRQHandler                 0x08000247   Thumb Code     0  startup_stm32l431xx.o(.text)
    DMA1_Channel4_IRQHandler                 0x08000247   Thumb Code     0  startup_stm32l431xx.o(.text)
    DMA1_Channel5_IRQHandler                 0x08000247   Thumb Code     0  startup_stm32l431xx.o(.text)
    DMA1_Channel6_IRQHandler                 0x08000247   Thumb Code     0  startup_stm32l431xx.o(.text)
    DMA1_Channel7_IRQHandler                 0x08000247   Thumb Code     0  startup_stm32l431xx.o(.text)
    DMA2_Channel1_IRQHandler                 0x08000247   Thumb Code     0  startup_stm32l431xx.o(.text)
    DMA2_Channel2_IRQHandler                 0x08000247   Thumb Code     0  startup_stm32l431xx.o(.text)
    DMA2_Channel3_IRQHandler                 0x08000247   Thumb Code     0  startup_stm32l431xx.o(.text)
    DMA2_Channel4_IRQHandler                 0x08000247   Thumb Code     0  startup_stm32l431xx.o(.text)
    DMA2_Channel5_IRQHandler                 0x08000247   Thumb Code     0  startup_stm32l431xx.o(.text)
    DMA2_Channel6_IRQHandler                 0x08000247   Thumb Code     0  startup_stm32l431xx.o(.text)
    DMA2_Channel7_IRQHandler                 0x08000247   Thumb Code     0  startup_stm32l431xx.o(.text)
    EXTI0_IRQHandler                         0x08000247   Thumb Code     0  startup_stm32l431xx.o(.text)
    EXTI15_10_IRQHandler                     0x08000247   Thumb Code     0  startup_stm32l431xx.o(.text)
    EXTI1_IRQHandler                         0x08000247   Thumb Code     0  startup_stm32l431xx.o(.text)
    EXTI2_IRQHandler                         0x08000247   Thumb Code     0  startup_stm32l431xx.o(.text)
    EXTI3_IRQHandler                         0x08000247   Thumb Code     0  startup_stm32l431xx.o(.text)
    EXTI4_IRQHandler                         0x08000247   Thumb Code     0  startup_stm32l431xx.o(.text)
    EXTI9_5_IRQHandler                       0x08000247   Thumb Code     0  startup_stm32l431xx.o(.text)
    FLASH_IRQHandler                         0x08000247   Thumb Code     0  startup_stm32l431xx.o(.text)
    FPU_IRQHandler                           0x08000247   Thumb Code     0  startup_stm32l431xx.o(.text)
    I2C1_ER_IRQHandler                       0x08000247   Thumb Code     0  startup_stm32l431xx.o(.text)
    I2C1_EV_IRQHandler                       0x08000247   Thumb Code     0  startup_stm32l431xx.o(.text)
    I2C2_ER_IRQHandler                       0x08000247   Thumb Code     0  startup_stm32l431xx.o(.text)
    I2C2_EV_IRQHandler                       0x08000247   Thumb Code     0  startup_stm32l431xx.o(.text)
    I2C3_ER_IRQHandler                       0x08000247   Thumb Code     0  startup_stm32l431xx.o(.text)
    I2C3_EV_IRQHandler                       0x08000247   Thumb Code     0  startup_stm32l431xx.o(.text)
    LPTIM1_IRQHandler                        0x08000247   Thumb Code     0  startup_stm32l431xx.o(.text)
    LPTIM2_IRQHandler                        0x08000247   Thumb Code     0  startup_stm32l431xx.o(.text)
    LPUART1_IRQHandler                       0x08000247   Thumb Code     0  startup_stm32l431xx.o(.text)
    PVD_PVM_IRQHandler                       0x08000247   Thumb Code     0  startup_stm32l431xx.o(.text)
    QUADSPI_IRQHandler                       0x08000247   Thumb Code     0  startup_stm32l431xx.o(.text)
    RCC_IRQHandler                           0x08000247   Thumb Code     0  startup_stm32l431xx.o(.text)
    RNG_IRQHandler                           0x08000247   Thumb Code     0  startup_stm32l431xx.o(.text)
    RTC_Alarm_IRQHandler                     0x08000247   Thumb Code     0  startup_stm32l431xx.o(.text)
    RTC_WKUP_IRQHandler                      0x08000247   Thumb Code     0  startup_stm32l431xx.o(.text)
    SAI1_IRQHandler                          0x08000247   Thumb Code     0  startup_stm32l431xx.o(.text)
    SDMMC1_IRQHandler                        0x08000247   Thumb Code     0  startup_stm32l431xx.o(.text)
    SPI1_IRQHandler                          0x08000247   Thumb Code     0  startup_stm32l431xx.o(.text)
    SPI2_IRQHandler                          0x08000247   Thumb Code     0  startup_stm32l431xx.o(.text)
    SPI3_IRQHandler                          0x08000247   Thumb Code     0  startup_stm32l431xx.o(.text)
    SWPMI1_IRQHandler                        0x08000247   Thumb Code     0  startup_stm32l431xx.o(.text)
    TAMP_STAMP_IRQHandler                    0x08000247   Thumb Code     0  startup_stm32l431xx.o(.text)
    TIM1_BRK_TIM15_IRQHandler                0x08000247   Thumb Code     0  startup_stm32l431xx.o(.text)
    TIM1_CC_IRQHandler                       0x08000247   Thumb Code     0  startup_stm32l431xx.o(.text)
    TIM1_TRG_COM_IRQHandler                  0x08000247   Thumb Code     0  startup_stm32l431xx.o(.text)
    TIM1_UP_TIM16_IRQHandler                 0x08000247   Thumb Code     0  startup_stm32l431xx.o(.text)
    TIM2_IRQHandler                          0x08000247   Thumb Code     0  startup_stm32l431xx.o(.text)
    TIM7_IRQHandler                          0x08000247   Thumb Code     0  startup_stm32l431xx.o(.text)
    TSC_IRQHandler                           0x08000247   Thumb Code     0  startup_stm32l431xx.o(.text)
    USART1_IRQHandler                        0x08000247   Thumb Code     0  startup_stm32l431xx.o(.text)
    USART2_IRQHandler                        0x08000247   Thumb Code     0  startup_stm32l431xx.o(.text)
    USART3_IRQHandler                        0x08000247   Thumb Code     0  startup_stm32l431xx.o(.text)
    WWDG_IRQHandler                          0x08000247   Thumb Code     0  startup_stm32l431xx.o(.text)
    __user_initial_stackheap                 0x08000249   Thumb Code     0  startup_stm32l431xx.o(.text)
    __use_two_region_memory                  0x0800026d   Thumb Code     2  heapauxi.o(.text)
    __rt_heap_escrow$2region                 0x0800026f   Thumb Code     2  heapauxi.o(.text)
    __rt_heap_expand$2region                 0x08000271   Thumb Code     2  heapauxi.o(.text)
    __user_setup_stackheap                   0x08000273   Thumb Code    74  sys_stackheap_outer.o(.text)
    exit                                     0x080002bd   Thumb Code    18  exit.o(.text)
    __user_libspace                          0x080002d1   Thumb Code     8  libspace.o(.text)
    __user_perproc_libspace                  0x080002d1   Thumb Code     0  libspace.o(.text)
    __user_perthread_libspace                0x080002d1   Thumb Code     0  libspace.o(.text)
    _sys_exit                                0x080002d9   Thumb Code     8  sys_exit.o(.text)
    __I$use$semihosting                      0x080002e5   Thumb Code     0  use_no_semi.o(.text)
    __use_no_semihosting_swi                 0x080002e5   Thumb Code     2  use_no_semi.o(.text)
    BusFault_Handler                         0x080002e7   Thumb Code     4  stm32l4xx_it.o(i.BusFault_Handler)
    __semihosting_library_function           0x080002e7   Thumb Code     0  indicate_semi.o(.text)
    DebugMon_Handler                         0x080002eb   Thumb Code     2  stm32l4xx_it.o(i.DebugMon_Handler)
    HAL_GetTick                              0x080002ed   Thumb Code     6  stm32l4xx_hal.o(i.HAL_GetTick)
    HAL_IncTick                              0x080002f9   Thumb Code    12  stm32l4xx_hal.o(i.HAL_IncTick)
    HAL_Init                                 0x08000309   Thumb Code    30  stm32l4xx_hal.o(i.HAL_Init)
    HAL_InitTick                             0x08000329   Thumb Code   132  stm32l4xx_hal_timebase_tim_template.o(i.HAL_InitTick)
    HAL_MspInit                              0x080003bd   Thumb Code     2  stm32l4xx_hal_msp.o(i.HAL_MspInit)
    HAL_NVIC_EnableIRQ                       0x080003bf   Thumb Code    26  stm32l4xx_hal_cortex.o(i.HAL_NVIC_EnableIRQ)
    HAL_NVIC_SetPriority                     0x080003d9   Thumb Code   124  stm32l4xx_hal_cortex.o(i.HAL_NVIC_SetPriority)
    HAL_NVIC_SetPriorityGrouping             0x0800045d   Thumb Code    32  stm32l4xx_hal_cortex.o(i.HAL_NVIC_SetPriorityGrouping)
    HAL_PWREx_GetVoltageRange                0x08000485   Thumb Code    10  stm32l4xx_hal_pwr_ex.o(i.HAL_PWREx_GetVoltageRange)
    HAL_RCC_ClockConfig                      0x08000495   Thumb Code   358  stm32l4xx_hal_rcc.o(i.HAL_RCC_ClockConfig)
    HAL_RCC_GetClockConfig                   0x0800060d   Thumb Code    58  stm32l4xx_hal_rcc.o(i.HAL_RCC_GetClockConfig)
    HAL_RCC_GetHCLKFreq                      0x08000651   Thumb Code     6  stm32l4xx_hal_rcc.o(i.HAL_RCC_GetHCLKFreq)
    HAL_RCC_GetPCLK1Freq                     0x0800065d   Thumb Code    26  stm32l4xx_hal_rcc.o(i.HAL_RCC_GetPCLK1Freq)
    HAL_RCC_GetSysClockFreq                  0x08000681   Thumb Code   266  stm32l4xx_hal_rcc.o(i.HAL_RCC_GetSysClockFreq)
    HAL_RCC_OscConfig                        0x0800079d   Thumb Code  1660  stm32l4xx_hal_rcc.o(i.HAL_RCC_OscConfig)
    HAL_TIMEx_Break2Callback                 0x08000e25   Thumb Code     2  stm32l4xx_hal_tim_ex.o(i.HAL_TIMEx_Break2Callback)
    HAL_TIMEx_BreakCallback                  0x08000e27   Thumb Code     2  stm32l4xx_hal_tim_ex.o(i.HAL_TIMEx_BreakCallback)
    HAL_TIMEx_CommutationCallback            0x08000e29   Thumb Code     2  stm32l4xx_hal_tim_ex.o(i.HAL_TIMEx_CommutationCallback)
    HAL_TIM_Base_Init                        0x08000e2b   Thumb Code    52  stm32l4xx_hal_tim.o(i.HAL_TIM_Base_Init)
    HAL_TIM_Base_MspInit                     0x08000e5f   Thumb Code     2  stm32l4xx_hal_tim.o(i.HAL_TIM_Base_MspInit)
    HAL_TIM_Base_Start_IT                    0x08000e61   Thumb Code    62  stm32l4xx_hal_tim.o(i.HAL_TIM_Base_Start_IT)
    HAL_TIM_IC_CaptureCallback               0x08000ea5   Thumb Code     2  stm32l4xx_hal_tim.o(i.HAL_TIM_IC_CaptureCallback)
    HAL_TIM_IRQHandler                       0x08000ea7   Thumb Code   440  stm32l4xx_hal_tim.o(i.HAL_TIM_IRQHandler)
    HAL_TIM_OC_DelayElapsedCallback          0x0800105f   Thumb Code     2  stm32l4xx_hal_tim.o(i.HAL_TIM_OC_DelayElapsedCallback)
    HAL_TIM_PWM_PulseFinishedCallback        0x08001061   Thumb Code     2  stm32l4xx_hal_tim.o(i.HAL_TIM_PWM_PulseFinishedCallback)
    HAL_TIM_PeriodElapsedCallback            0x08001063   Thumb Code    10  stm32l4xx_hal_timebase_tim_template.o(i.HAL_TIM_PeriodElapsedCallback)
    HAL_TIM_TriggerCallback                  0x0800106d   Thumb Code     2  stm32l4xx_hal_tim.o(i.HAL_TIM_TriggerCallback)
    HardFault_Handler                        0x0800106f   Thumb Code     4  stm32l4xx_it.o(i.HardFault_Handler)
    MemManage_Handler                        0x08001073   Thumb Code     4  stm32l4xx_it.o(i.MemManage_Handler)
    NMI_Handler                              0x08001077   Thumb Code     2  stm32l4xx_it.o(i.NMI_Handler)
    PendSV_Handler                           0x080010b1   Thumb Code     2  stm32l4xx_it.o(i.PendSV_Handler)
    SVC_Handler                              0x08001151   Thumb Code     2  stm32l4xx_it.o(i.SVC_Handler)
    SysTick_Handler                          0x08001153   Thumb Code     8  stm32l4xx_it.o(i.SysTick_Handler)
    SystemInit                               0x080011b9   Thumb Code    68  system_stm32l4xx.o(i.SystemInit)
    TIM6_DAC_IRQHandler                      0x08001209   Thumb Code    10  stm32l4xx_hal_timebase_tim_template.o(i.TIM6_DAC_IRQHandler)
    TIM_Base_SetConfig                       0x08001219   Thumb Code   104  stm32l4xx_hal_tim.o(i.TIM_Base_SetConfig)
    UsageFault_Handler                       0x0800128d   Thumb Code     4  stm32l4xx_it.o(i.UsageFault_Handler)
    main                                     0x08001291   Thumb Code    12  main.o(i.main)
    _fp_init                                 0x0800129d   Thumb Code    10  fpinit.o(x$fpl$fpinit)
    __fplib_config_fpu_vfp                   0x080012a5   Thumb Code     0  fpinit.o(x$fpl$fpinit)
    __fplib_config_pureend_doubles           0x080012a5   Thumb Code     0  fpinit.o(x$fpl$fpinit)
    AHBPrescTable                            0x080012a8   Data          16  system_stm32l4xx.o(.constdata)
    APBPrescTable                            0x080012b8   Data           8  system_stm32l4xx.o(.constdata)
    MSIRangeTable                            0x080012c0   Data          48  system_stm32l4xx.o(.constdata)
    Region$$Table$$Base                      0x080012f0   Number         0  anon$$obj.o(Region$$Table)
    Region$$Table$$Limit                     0x08001310   Number         0  anon$$obj.o(Region$$Table)
    SystemCoreClock                          0x20000000   Data           4  system_stm32l4xx.o(.data)
    uwTick                                   0x20000004   Data           4  stm32l4xx_hal.o(.data)
    TimHandle                                0x20000008   Data          64  stm32l4xx_hal_timebase_tim_template.o(.bss)
    __libspace_start                         0x20000048   Data          96  libspace.o(.bss)
    __temporary_stack_top$libspace           0x200000a8   Data           0  libspace.o(.bss)



==============================================================================

Memory Map of the image

  Image Entry point : 0x0800018d

  Load Region LR_IROM1 (Base: 0x08000000, Size: 0x00001318, Max: 0x00040000, ABSOLUTE)

    Execution Region ER_IROM1 (Base: 0x08000000, Size: 0x00001310, Max: 0x00040000, ABSOLUTE)

    Base Addr    Size         Type   Attr      Idx    E Section Name        Object

    0x08000000   0x0000018c   Data   RO          469    RESET               startup_stm32l431xx.o
    0x0800018c   0x00000008   Code   RO         8829  * !!!main             c_w.l(__main.o)
    0x08000194   0x00000034   Code   RO         8996    !!!scatter          c_w.l(__scatter.o)
    0x080001c8   0x0000001a   Code   RO         8998    !!handler_copy      c_w.l(__scatter_copy.o)
    0x080001e2   0x00000002   PAD
    0x080001e4   0x0000001c   Code   RO         9000    !!handler_zi        c_w.l(__scatter_zi.o)
    0x08000200   0x00000002   Code   RO         8866    .ARM.Collect$$libinit$$00000000  c_w.l(libinit.o)
    0x08000202   0x00000004   Code   RO         8878    .ARM.Collect$$libinit$$00000001  c_w.l(libinit2.o)
    0x08000206   0x00000000   Code   RO         8881    .ARM.Collect$$libinit$$00000004  c_w.l(libinit2.o)
    0x08000206   0x00000000   Code   RO         8884    .ARM.Collect$$libinit$$0000000A  c_w.l(libinit2.o)
    0x08000206   0x00000000   Code   RO         8886    .ARM.Collect$$libinit$$0000000C  c_w.l(libinit2.o)
    0x08000206   0x00000000   Code   RO         8888    .ARM.Collect$$libinit$$0000000E  c_w.l(libinit2.o)
    0x08000206   0x00000000   Code   RO         8891    .ARM.Collect$$libinit$$00000011  c_w.l(libinit2.o)
    0x08000206   0x00000000   Code   RO         8893    .ARM.Collect$$libinit$$00000013  c_w.l(libinit2.o)
    0x08000206   0x00000000   Code   RO         8895    .ARM.Collect$$libinit$$00000015  c_w.l(libinit2.o)
    0x08000206   0x00000000   Code   RO         8897    .ARM.Collect$$libinit$$00000017  c_w.l(libinit2.o)
    0x08000206   0x00000000   Code   RO         8899    .ARM.Collect$$libinit$$00000019  c_w.l(libinit2.o)
    0x08000206   0x00000000   Code   RO         8901    .ARM.Collect$$libinit$$0000001B  c_w.l(libinit2.o)
    0x08000206   0x00000000   Code   RO         8903    .ARM.Collect$$libinit$$0000001D  c_w.l(libinit2.o)
    0x08000206   0x00000000   Code   RO         8905    .ARM.Collect$$libinit$$0000001F  c_w.l(libinit2.o)
    0x08000206   0x00000000   Code   RO         8907    .ARM.Collect$$libinit$$00000021  c_w.l(libinit2.o)
    0x08000206   0x00000000   Code   RO         8909    .ARM.Collect$$libinit$$00000023  c_w.l(libinit2.o)
    0x08000206   0x00000000   Code   RO         8911    .ARM.Collect$$libinit$$00000025  c_w.l(libinit2.o)
    0x08000206   0x00000000   Code   RO         8915    .ARM.Collect$$libinit$$0000002C  c_w.l(libinit2.o)
    0x08000206   0x00000000   Code   RO         8917    .ARM.Collect$$libinit$$0000002E  c_w.l(libinit2.o)
    0x08000206   0x00000000   Code   RO         8919    .ARM.Collect$$libinit$$00000030  c_w.l(libinit2.o)
    0x08000206   0x00000000   Code   RO         8921    .ARM.Collect$$libinit$$00000032  c_w.l(libinit2.o)
    0x08000206   0x00000002   Code   RO         8922    .ARM.Collect$$libinit$$00000033  c_w.l(libinit2.o)
    0x08000208   0x00000002   Code   RO         8953    .ARM.Collect$$libshutdown$$00000000  c_w.l(libshutdown.o)
    0x0800020a   0x00000000   Code   RO         8979    .ARM.Collect$$libshutdown$$00000002  c_w.l(libshutdown2.o)
    0x0800020a   0x00000000   Code   RO         8981    .ARM.Collect$$libshutdown$$00000004  c_w.l(libshutdown2.o)
    0x0800020a   0x00000000   Code   RO         8984    .ARM.Collect$$libshutdown$$00000007  c_w.l(libshutdown2.o)
    0x0800020a   0x00000000   Code   RO         8987    .ARM.Collect$$libshutdown$$0000000A  c_w.l(libshutdown2.o)
    0x0800020a   0x00000000   Code   RO         8989    .ARM.Collect$$libshutdown$$0000000C  c_w.l(libshutdown2.o)
    0x0800020a   0x00000000   Code   RO         8992    .ARM.Collect$$libshutdown$$0000000F  c_w.l(libshutdown2.o)
    0x0800020a   0x00000002   Code   RO         8993    .ARM.Collect$$libshutdown$$00000010  c_w.l(libshutdown2.o)
    0x0800020c   0x00000000   Code   RO         8831    .ARM.Collect$$rtentry$$00000000  c_w.l(__rtentry.o)
    0x0800020c   0x00000000   Code   RO         8837    .ARM.Collect$$rtentry$$00000002  c_w.l(__rtentry2.o)
    0x0800020c   0x00000006   Code   RO         8849    .ARM.Collect$$rtentry$$00000004  c_w.l(__rtentry4.o)
    0x08000212   0x00000000   Code   RO         8839    .ARM.Collect$$rtentry$$00000009  c_w.l(__rtentry2.o)
    0x08000212   0x00000004   Code   RO         8840    .ARM.Collect$$rtentry$$0000000A  c_w.l(__rtentry2.o)
    0x08000216   0x00000000   Code   RO         8842    .ARM.Collect$$rtentry$$0000000C  c_w.l(__rtentry2.o)
    0x08000216   0x00000008   Code   RO         8843    .ARM.Collect$$rtentry$$0000000D  c_w.l(__rtentry2.o)
    0x0800021e   0x00000002   Code   RO         8870    .ARM.Collect$$rtexit$$00000000  c_w.l(rtexit.o)
    0x08000220   0x00000000   Code   RO         8926    .ARM.Collect$$rtexit$$00000002  c_w.l(rtexit2.o)
    0x08000220   0x00000004   Code   RO         8927    .ARM.Collect$$rtexit$$00000003  c_w.l(rtexit2.o)
    0x08000224   0x00000006   Code   RO         8928    .ARM.Collect$$rtexit$$00000004  c_w.l(rtexit2.o)
    0x0800022a   0x00000002   PAD
    0x0800022c   0x00000040   Code   RO          470    .text               startup_stm32l431xx.o
    0x0800026c   0x00000006   Code   RO         8827    .text               c_w.l(heapauxi.o)
    0x08000272   0x0000004a   Code   RO         8853    .text               c_w.l(sys_stackheap_outer.o)
    0x080002bc   0x00000012   Code   RO         8855    .text               c_w.l(exit.o)
    0x080002ce   0x00000002   PAD
    0x080002d0   0x00000008   Code   RO         8867    .text               c_w.l(libspace.o)
    0x080002d8   0x0000000c   Code   RO         8923    .text               c_w.l(sys_exit.o)
    0x080002e4   0x00000002   Code   RO         8942    .text               c_w.l(use_no_semi.o)
    0x080002e6   0x00000000   Code   RO         8944    .text               c_w.l(indicate_semi.o)
    0x080002e6   0x00000004   Code   RO          270    i.BusFault_Handler  stm32l4xx_it.o
    0x080002ea   0x00000002   Code   RO          271    i.DebugMon_Handler  stm32l4xx_it.o
    0x080002ec   0x0000000c   Code   RO          488    i.HAL_GetTick       stm32l4xx_hal.o
    0x080002f8   0x00000010   Code   RO          492    i.HAL_IncTick       stm32l4xx_hal.o
    0x08000308   0x0000001e   Code   RO          493    i.HAL_Init          stm32l4xx_hal.o
    0x08000326   0x00000002   PAD
    0x08000328   0x00000094   Code   RO         7648    i.HAL_InitTick      stm32l4xx_hal_timebase_tim_template.o
    0x080003bc   0x00000002   Code   RO          241    i.HAL_MspInit       stm32l4xx_hal_msp.o
    0x080003be   0x0000001a   Code   RO         1497    i.HAL_NVIC_EnableIRQ  stm32l4xx_hal_cortex.o
    0x080003d8   0x00000082   Code   RO         1503    i.HAL_NVIC_SetPriority  stm32l4xx_hal_cortex.o
    0x0800045a   0x00000002   PAD
    0x0800045c   0x00000028   Code   RO         1504    i.HAL_NVIC_SetPriorityGrouping  stm32l4xx_hal_cortex.o
    0x08000484   0x00000010   Code   RO         4129    i.HAL_PWREx_GetVoltageRange  stm32l4xx_hal_pwr_ex.o
    0x08000494   0x00000178   Code   RO         4554    i.HAL_RCC_ClockConfig  stm32l4xx_hal_rcc.o
    0x0800060c   0x00000044   Code   RO         4557    i.HAL_RCC_GetClockConfig  stm32l4xx_hal_rcc.o
    0x08000650   0x0000000c   Code   RO         4558    i.HAL_RCC_GetHCLKFreq  stm32l4xx_hal_rcc.o
    0x0800065c   0x00000024   Code   RO         4560    i.HAL_RCC_GetPCLK1Freq  stm32l4xx_hal_rcc.o
    0x08000680   0x0000011c   Code   RO         4562    i.HAL_RCC_GetSysClockFreq  stm32l4xx_hal_rcc.o
    0x0800079c   0x00000688   Code   RO         4565    i.HAL_RCC_OscConfig  stm32l4xx_hal_rcc.o
    0x08000e24   0x00000002   Code   RO         7391    i.HAL_TIMEx_Break2Callback  stm32l4xx_hal_tim_ex.o
    0x08000e26   0x00000002   Code   RO         7392    i.HAL_TIMEx_BreakCallback  stm32l4xx_hal_tim_ex.o
    0x08000e28   0x00000002   Code   RO         7393    i.HAL_TIMEx_CommutationCallback  stm32l4xx_hal_tim_ex.o
    0x08000e2a   0x00000034   Code   RO         6741    i.HAL_TIM_Base_Init  stm32l4xx_hal_tim.o
    0x08000e5e   0x00000002   Code   RO         6743    i.HAL_TIM_Base_MspInit  stm32l4xx_hal_tim.o
    0x08000e60   0x00000044   Code   RO         6746    i.HAL_TIM_Base_Start_IT  stm32l4xx_hal_tim.o
    0x08000ea4   0x00000002   Code   RO         6770    i.HAL_TIM_IC_CaptureCallback  stm32l4xx_hal_tim.o
    0x08000ea6   0x000001b8   Code   RO         6783    i.HAL_TIM_IRQHandler  stm32l4xx_hal_tim.o
    0x0800105e   0x00000002   Code   RO         6786    i.HAL_TIM_OC_DelayElapsedCallback  stm32l4xx_hal_tim.o
    0x08001060   0x00000002   Code   RO         6813    i.HAL_TIM_PWM_PulseFinishedCallback  stm32l4xx_hal_tim.o
    0x08001062   0x0000000a   Code   RO         7651    i.HAL_TIM_PeriodElapsedCallback  stm32l4xx_hal_timebase_tim_template.o
    0x0800106c   0x00000002   Code   RO         6824    i.HAL_TIM_TriggerCallback  stm32l4xx_hal_tim.o
    0x0800106e   0x00000004   Code   RO          272    i.HardFault_Handler  stm32l4xx_it.o
    0x08001072   0x00000004   Code   RO          273    i.MemManage_Handler  stm32l4xx_it.o
    0x08001076   0x00000002   Code   RO          274    i.NMI_Handler       stm32l4xx_it.o
    0x08001078   0x00000010   Code   RO         1510    i.NVIC_GetPriorityGrouping  stm32l4xx_hal_cortex.o
    0x08001088   0x00000028   Code   RO         1511    i.NVIC_SetPriority  stm32l4xx_hal_cortex.o
    0x080010b0   0x00000002   Code   RO          275    i.PendSV_Handler    stm32l4xx_it.o
    0x080010b2   0x00000002   PAD
    0x080010b4   0x0000009c   Code   RO         4566    i.RCC_SetFlashLatencyFromMSIRange  stm32l4xx_hal_rcc.o
    0x08001150   0x00000002   Code   RO          276    i.SVC_Handler       stm32l4xx_it.o
    0x08001152   0x00000008   Code   RO          277    i.SysTick_Handler   stm32l4xx_it.o
    0x0800115a   0x0000005c   Code   RO            4    i.SystemClock_Config  main.o
    0x080011b6   0x00000002   PAD
    0x080011b8   0x00000050   Code   RO          346    i.SystemInit        system_stm32l4xx.o
    0x08001208   0x00000010   Code   RO         7652    i.TIM6_DAC_IRQHandler  stm32l4xx_hal_timebase_tim_template.o
    0x08001218   0x00000074   Code   RO         6825    i.TIM_Base_SetConfig  stm32l4xx_hal_tim.o
    0x0800128c   0x00000004   Code   RO          278    i.UsageFault_Handler  stm32l4xx_it.o
    0x08001290   0x0000000c   Code   RO            5    i.main              main.o
    0x0800129c   0x0000000a   Code   RO         8938    x$fpl$fpinit        fz_wm.l(fpinit.o)
    0x080012a6   0x00000002   PAD
    0x080012a8   0x00000048   Data   RO          347    .constdata          system_stm32l4xx.o
    0x080012f0   0x00000020   Data   RO         8994    Region$$Table       anon$$obj.o


    Execution Region RW_IRAM1 (Base: 0x20000000, Size: 0x000006a8, Max: 0x0000c000, ABSOLUTE)

    Base Addr    Size         Type   Attr      Idx    E Section Name        Object

    0x20000000   0x00000004   Data   RW          348    .data               system_stm32l4xx.o
    0x20000004   0x00000004   Data   RW          509    .data               stm32l4xx_hal.o
    0x20000008   0x00000040   Zero   RW         7653    .bss                stm32l4xx_hal_timebase_tim_template.o
    0x20000048   0x00000060   Zero   RW         8868    .bss                c_w.l(libspace.o)
    0x200000a8   0x00000200   Zero   RW          468    HEAP                startup_stm32l431xx.o
    0x200002a8   0x00000400   Zero   RW          467    STACK               startup_stm32l431xx.o


==============================================================================

Image component sizes


      Code (inc. data)   RO Data    RW Data    ZI Data      Debug   Object Name

       104          0          0          0          0     633383   main.o
        64         26        396          0       1536        800   startup_stm32l431xx.o
        58         10          0          4          0       2512   stm32l4xx_hal.o
       252         22          0          0          0      29666   stm32l4xx_hal_cortex.o
         2          0          0          0          0        410   stm32l4xx_hal_msp.o
        16          6          0          0          0        504   stm32l4xx_hal_pwr_ex.o
      2604         98          0          0          0       6782   stm32l4xx_hal_rcc.o
       686         18          0          0          0       5562   stm32l4xx_hal_tim.o
         6          0          0          0          0       1849   stm32l4xx_hal_tim_ex.o
       174         22          0          0         64       2573   stm32l4xx_hal_timebase_tim_template.o
        32          0          0          0          0       3742   stm32l4xx_it.o
        80         12         72          4          0       1053   system_stm32l4xx.o

    ----------------------------------------------------------------------
      4086        214        500          8       1600     688836   Object Totals
         0          0         32          0          0          0   (incl. Generated)
         8          0          0          0          0          0   (incl. Padding)

    ----------------------------------------------------------------------

      Code (inc. data)   RO Data    RW Data    ZI Data      Debug   Library Member Name

         8          0          0          0          0         68   __main.o
         0          0          0          0          0          0   __rtentry.o
        12          0          0          0          0          0   __rtentry2.o
         6          0          0          0          0          0   __rtentry4.o
        52          8          0          0          0          0   __scatter.o
        26          0          0          0          0          0   __scatter_copy.o
        28          0          0          0          0          0   __scatter_zi.o
        18          0          0          0          0         80   exit.o
         6          0          0          0          0        152   heapauxi.o
         0          0          0          0          0          0   indicate_semi.o
         2          0          0          0          0          0   libinit.o
         6          0          0          0          0          0   libinit2.o
         2          0          0          0          0          0   libshutdown.o
         2          0          0          0          0          0   libshutdown2.o
         8          4          0          0         96         68   libspace.o
         2          0          0          0          0          0   rtexit.o
        10          0          0          0          0          0   rtexit2.o
        12          4          0          0          0         68   sys_exit.o
        74          0          0          0          0         80   sys_stackheap_outer.o
         2          0          0          0          0         68   use_no_semi.o
        10          0          0          0          0        116   fpinit.o

    ----------------------------------------------------------------------
       294         16          0          0         96        700   Library Totals
         8          0          0          0          0          0   (incl. Padding)

    ----------------------------------------------------------------------

      Code (inc. data)   RO Data    RW Data    ZI Data      Debug   Library Name

       276         16          0          0         96        584   c_w.l
        10          0          0          0          0        116   fz_wm.l

    ----------------------------------------------------------------------
       294         16          0          0         96        700   Library Totals

    ----------------------------------------------------------------------

==============================================================================


      Code (inc. data)   RO Data    RW Data    ZI Data      Debug   

      4380        230        500          8       1696     685580   Grand Totals
      4380        230        500          8       1696     685580   ELF Image Totals
      4380        230        500          8          0          0   ROM Totals

==============================================================================

    Total RO  Size (Code + RO Data)                 4880 (   4.77kB)
    Total RW  Size (RW Data + ZI Data)              1704 (   1.66kB)
    Total ROM Size (Code + RO Data + RW Data)       4888 (   4.77kB)

==============================================================================

